04-09 05:19:27.898  2893  3142 I RegiMgr-Handler: handleMessage: EVENT_CELL_INFO_CHANGED
04-09 05:19:27.898  2893  3142 I RegiMgr<0>: tryRegister:
04-09 05:19:27.898  2893  3142 I RegiMgr<0>: RegisterTask(s): SamsungCMC_PD (IDLE), Global GC RCS (IDLE)
04-09 05:19:27.898  2893  3142 I RegiMgr<1>: RegisterTask(s): SamsungCMC_PD (IDLE), Zong Pakistan VoLTE (REGISTERED, rat = 13, service = [mmtel-video, smsip, mmtel]), Global GC RCS (IDLE)
04-09 05:19:27.898  2893  3142 I RcsPolicyMgr<0>: pendingRcsRegister: mActiveDataPhoneId = 1
04-09 05:19:27.898  2893  3142 I RegisterTask: isSuspended: mSuspended(false) mSuspendByIrat(false)
04-09 05:19:27.898  2893  3142 I RegiMgr<0>: [SamsungCMC_PD|IDLE] checkForTryRegister id: 10000
04-09 05:19:27.898  2893  3142 I RegiMgr : isPdnConnected: false, PdnType: 0
04-09 05:19:27.899  2893  3142 I PdnController: getDefaultNetworkBearer:  WIFI
04-09 05:19:27.899  2893  3142 I RegiMgr-Utils<0>: findBestNetwork: WIFI needWifiNetwork = true
04-09 05:19:27.900  2893  3142 I RegiGvnBase<0>: isReadyToDualRegister: slot 1's call state: 0
04-09 05:19:27.900  2893  3142 I RegiGvnBase<0>: isReadyToDualRegister : true
04-09 05:19:27.901  2893  3142 I RegiMgr<0>: [SamsungCMC_PD|IDLE] checkInitialRegistrationIsReady: APM ON [false], Roamimg [false]
04-09 05:19:27.902  2893  3142 I RcsPolicyMgr<0>: pendingRcsRegister: mActiveDataPhoneId = 1
04-09 05:19:27.902  2893  3142 I ImsProfile: isRttSupportByCallApp : false ttyType : 1
04-09 05:19:27.902  2893  3142 I RegiMgr-Utils<0>: getPriorityRegiedTask : isPriority  High? true
04-09 05:19:27.903  2893  3142 I CmcAccountManager: hasSecondaryDevice : no SD with current PD
04-09 05:19:27.903  2893  3142 I RegiMgr<0>: [SamsungCMC_PD|IDLE] checkForTryRegister: isReadyToRegister = false
04-09 05:19:27.903  2893  3142 I RcsPolicyMgr<0>: pendingRcsRegister: mActiveDataPhoneId = 1
04-09 05:19:27.903  2893  3142 I RegisterTask: isSuspended: mSuspended(false) mSuspendByIrat(false)
04-09 05:19:27.903  2893  3142 I RegiMgr<0>: [Global GC RCS|IDLE] checkForTryRegister id: 1173
04-09 05:19:27.903  2893  3142 I RegiMgr : isPdnConnected: false, PdnType: 0
04-09 05:19:27.903  2893  3142 I PdnController: getDefaultNetworkBearer:  WIFI
04-09 05:19:27.904  2893  3142 I RegiMgr-Utils<0>: findBestNetwork: WIFI needWifiNetwork = true
04-09 05:19:27.904  2893  3142 I RegiGvnBase<0>: isReadyToDualRegister: slot 1's call state: 0
04-09 05:19:27.904  2893  3142 I RegiGvnBase<0>: isReadyToDualRegister : true
04-09 05:19:27.906  2893  3142 I RegiMgr<0>: [Global GC RCS|IDLE] checkInitialRegistrationIsReady: APM ON [false], Roamimg [false]
04-09 05:19:27.906  2893  3142 I RcsPolicyMgr<0>: pendingRcsRegister: mActiveDataPhoneId = 1
04-09 05:19:27.906  2893  3142 I ImsProfile: isRttSupportByCallApp : false ttyType : 1
04-09 05:19:27.906  2893  3142 I RegiMgr-Utils<0>: getPriorityRegiedTask : isPriority  High? true
04-09 05:19:27.906  2893  3142 I RegiGvnBase: checkRegiStatus: getState()=IDLE mIsUpdateRegistering=false
04-09 05:19:27.906  2893  3142 I RegiMgr<0>: getTelephonyCallStatus:
04-09 05:19:27.907  2893  3142 I ConfigProvider: query uri:xxxxx
04-09 05:19:27.910  2893  3142 I ConfigProvider: queryStorage path content://com.samsung.rcs.autoconfigurationprovider/parameter/version#simslot0
04-09 05:19:27.911  2893  3142 I RegiGvnRcs: isReadyToRegister: User don't try RCS service yet
04-09 05:19:27.911  2893  3142 I RegiMgr<0>: [Global GC RCS|IDLE] checkForTryRegister: isReadyToRegister = false
04-09 05:19:27.988  7976  7976 I HBD     : g onCapabilityChanged  setNetworkState currentNetworkState : wifi 
04-09 05:19:28.170  1049 25625 I sensors-hal: handle_sns_std_sensor_event:231, [SSC_LIGHT] P: 45(46),als:249,green:71,ir:0,delta_avg:0,delta_max:186,stdev:2,stdev_per_4sample:3,magig_code or itime:384
04-09 05:19:28.389   548  4146 I NearbySharing: Network state changed: NetworkState(isRestricted=false, isOnline=true, isCongested=false, isMetered=false, isWifiConnected=true)
04-09 05:19:28.817  4676  5114 I SDHMS:C : SIOP:: AP:416 BAT:357 USB:0 CHG:410 PA:404 WIFI:402 BLK:0 SUBBAT:0 SKIN:373 SKINF:368 SKINB:373 LRP:373 LRF:368 LRB:373 
04-09 05:19:28.817  4676  5114 I SDHMS:C : MODEMQ:: MMWTHM:270(270) 
04-09 05:19:28.930  2426  2599 D PhoneInterfaceManager: setDataEnabledForReason() Reason=1 Pid=1368 App=system
04-09 05:19:28.931  2426  2599 D PhoneInterfaceManager: setDataEnabledForReason() Reason=1 Pid=1368 App=system
04-09 05:19:28.935  1368  2446 D NetworkStatsObservers: Unregistering RequestInfo from pid/uid:1368/1000(android) for DataUsageRequest [ requestId=461, networkTemplate=NetworkTemplate: matchRule=MOBILE, matchSubscriberIds=[410040...], matchWifiNetworkKeys=[], metered=YES, defaultNetwork=NO, thresholdInBytes=4424521 ] accessLevel:3
04-09 05:19:28.935  1368  2203 D NetworkStatsObservers: Registering observer for RequestInfo from pid/uid:1368/1000(android) for DataUsageRequest [ requestId=462, networkTemplate=NetworkTemplate: matchRule=MOBILE, matchSubscriberIds=[410040...], matchWifiNetworkKeys=[], metered=YES, defaultNetwork=NO, thresholdInBytes=4420290 ] accessLevel:3
04-09 05:19:29.130  1049 25625 I sensors-hal: handle_sns_std_sensor_event:231, [SSC_LIGHT] P: 46(46),als:249,green:71,ir:0,delta_avg:0,delta_max:185,stdev:1,stdev_per_4sample:3,magig_code or itime:384
04-09 05:19:29.360 18133 18133 I wpa_supplicant: Heartbeat 2910
04-09 05:19:29.370  1368  3573 D FreecessController: com.whatsapp(10410) is important[18]
04-09 05:19:29.702   702   702 D io_stats: !@ Read_top(KB): stagram.android(26172) 60
04-09 05:19:29.960  2448  2448 D SecPowerUI.Notification: showChargingNotice oldChargingType : 11 / currentChargingType : 11, oldChargingTime : 0 / mChargingTime : 0
04-09 05:19:29.960  2448  2448 D SecPowerUI.Notification: showChargingNotice There is no change about charging status, so return!
04-09 05:19:30.093  1049 25625 I sensors-hal: handle_sns_std_sensor_event:231, [SSC_LIGHT] P: 46(47),als:250,green:72,ir:0,delta_avg:0,delta_max:186,stdev:1,stdev_per_4sample:3,magig_code or itime:384
04-09 05:19:30.094  3844  3859 I AidlLazyServiceRegistrar: Process has 0 (of 1 available) client(s) in use after notification artd has clients: 0
04-09 05:19:30.094  3844  3859 I AidlLazyServiceRegistrar: Trying to shut down the service. No clients in use for any service in process.
04-09 05:19:30.096  3844  3859 I AidlLazyServiceRegistrar: Unregistered all clients and exiting
04-09 05:19:30.437  1368  3697 D SemWifiUsabilityStatsMonitor: onWifiUsabilityStats - seqNum 21870, isSameBssidAndFreq true
04-09 05:19:30.449  2448  2448 D StatusBarIconController: ignoring old pipeline callback because the new wifi icon is enabled
04-09 05:19:30.915  1041 25416 I vendor.qti.bluetooth@1.0-ibs_handler: ProcessIbsCmd: Received IBS_WAKE_IND: 0xFD
04-09 05:19:30.915  1041 25416 D vendor.qti.bluetooth@1.0-ibs_handler: SerialClockVote: vote for UART CLK ON
04-09 05:19:30.915  1041 25416 D vendor.qti.bluetooth@1.0-wake_lock: Acquire wakelock is acquired 
04-09 05:19:30.915  1041 25416 I vendor.qti.bluetooth@1.0-ibs_handler: ProcessIbsCmd: Writing IBS_WAKE_ACK
04-09 05:19:30.924 25313 25420 D BtGatt.GattService: onScanResult to scannerId: 4- eventType=0x10, addressType=1, address=XX:XX:XX:XX:C6:C7, primaryPhy=1, secondaryPhy=0, advertisingSid=0xff, txPower=127, rssi=-81, periodicAdvInt=0x0
04-09 05:19:30.965  1041 25416 I vendor.qti.bluetooth@1.0-ibs_handler: ProcessIbsCmd: Received IBS_SLEEP_IND: 0xFE
04-09 05:19:30.965  1041 25416 D vendor.qti.bluetooth@1.0-ibs_handler: SerialClockVote: vote for UART CLK OFF
04-09 05:19:31.052  1049 25625 I sensors-hal: handle_sns_std_sensor_event:231, [SSC_LIGHT] P: 45(45),als:248,green:69,ir:0,delta_avg:0,delta_max:184,stdev:2,stdev_per_4sample:4,magig_code or itime:384
04-09 05:19:31.116  1041 25355 D vendor.qti.bluetooth@1.0-wake_lock: Release wakelock is released 
04-09 05:19:31.200  4676  4676 I SDHMS:LOAD: type: LoadsFreqs, value: 0:26:0:844799:1766400:806400:707711:1516800:691200:315:315:315
04-09 05:19:31.703   702   702 D io_stats: !@   8,0 r 34200127 819010300 w 8864894 120356184 d 2888055 182849948 f 0 0 iot 15548832 0 th 0 0 0 pt 0 inp 0 0 143890.857
04-09 05:19:32.010  1049 25625 I sensors-hal: handle_sns_std_sensor_event:231, [SSC_LIGHT] P: 45(47),als:249,green:71,ir:0,delta_avg:0,delta_max:185,stdev:1,stdev_per_4sample:4,magig_code or itime:384
04-09 05:19:32.046 18788 18788 I [GR]_BackTapAccelerometer: nMinorPeaks = 0
04-09 05:19:32.046 18788 18788 I [GR]_BackTapAccelerometer: Edge Tap detected
04-09 05:19:32.220  2448  2448 D StatusBarIconController: ignoring old pipeline callbacks, because the new mobile icons are enabled
04-09 05:19:32.957  1041 25416 I vendor.qti.bluetooth@1.0-ibs_handler: ProcessIbsCmd: Received IBS_WAKE_IND: 0xFD
04-09 05:19:32.957  1041 25416 D vendor.qti.bluetooth@1.0-ibs_handler: SerialClockVote: vote for UART CLK ON
04-09 05:19:32.957  1041 25416 D vendor.qti.bluetooth@1.0-wake_lock: Acquire wakelock is acquired 
04-09 05:19:32.957  1041 25416 I vendor.qti.bluetooth@1.0-ibs_handler: ProcessIbsCmd: Writing IBS_WAKE_ACK
04-09 05:19:32.965 25313 25420 D BtGatt.GattService: onScanResult to scannerId: 4- eventType=0x10, addressType=1, address=XX:XX:XX:XX:C6:C7, primaryPhy=1, secondaryPhy=0, advertisingSid=0xff, txPower=127, rssi=-92, periodicAdvInt=0x0
04-09 05:19:32.969  1049 25625 I sensors-hal: handle_sns_std_sensor_event:231, [SSC_LIGHT] P: 47(47),als:249,green:71,ir:0,delta_avg:0,delta_max:185,stdev:1,stdev_per_4sample:3,magig_code or itime:384
04-09 05:19:33.005  1368  2106 W ProcessStats: Tracking association SourceState{59f2e89 system/1000 Persist #1288273} whose proc state 0 is better than process ProcessState{f24fd00 com.google.android.providers.media.module/10283 pkg=com.google.android.providers.media.module} proc state 1 (1 skipped)
04-09 05:19:33.006  1041 25416 I vendor.qti.bluetooth@1.0-ibs_handler: ProcessIbsCmd: Received IBS_SLEEP_IND: 0xFE
04-09 05:19:33.006  1041 25416 D vendor.qti.bluetooth@1.0-ibs_handler: SerialClockVote: vote for UART CLK OFF
04-09 05:19:33.156  1041 25355 D vendor.qti.bluetooth@1.0-wake_lock: Release wakelock is released 
04-09 05:19:33.448  1368  3697 D SemWifiUsabilityStatsMonitor: onWifiUsabilityStats - seqNum 21871, isSameBssidAndFreq true
04-09 05:19:33.704   702   702 D io_stats: !@ Write_top(KB): kworker/u16:8(24176) 3356
04-09 05:19:33.930  1049 25625 I sensors-hal: handle_sns_std_sensor_event:231, [SSC_LIGHT] P: 46(46),als:249,green:71,ir:0,delta_avg:0,delta_max:185,stdev:1,stdev_per_4sample:4,magig_code or itime:384
04-09 05:19:34.004  1485  1674 D SemNativeCarrierFeature_vendor: getInstance
04-09 05:19:34.004  1485  1674 D SemNativeCarrierFeature_vendor: getInstance
04-09 05:19:34.008  2448  2448 D MobileSignalTransitionManager: updateSignalTransition
04-09 05:19:34.011  2448  2448 D StatusBarIconController: ignoring old pipeline callbacks, because the new mobile icons are enabled
04-09 05:19:34.014  2893  3216 E GlobalSettingsRepoBase: globalgcsettings No matched key : support_ssac_nr
04-09 05:19:34.015  2893  3216 I VolteServiceModule: onBarringInfoChanged: barringInfo BarringInfo {mCellIdentity=CellIdentityGsm:{ mLac=**6 mCid=2***6 mArfcn=0 mBsic=0x0 mMcc=410 mMnc=04 mAlphaLong= mAlphaShort= mAdditionalPlmns={}}, mBarringServiceInfos={0={isBarred: false (type: 0, isConditionally: false), factor: 0, timeseconds: 0}, 1={isBarred: false (type: 0, isConditionally: false), factor: 0, timeseconds: 0}, 2={isBarred: false (type: 0, isConditionally: false), factor: 0, timeseconds: 0}, 3={isBarred: false (type: 0, isConditionally: false), factor: 0, timeseconds: 0}, 4={isBarred: false (type: 0, isConditionally: false), factor: 0, timeseconds: 0}, 5={isBarred: false (type: 0, isConditionally: false), factor: 0, timeseconds: 0}, 6={isBarred: false (type: 0, isConditionally: false), factor: 0, timeseconds: 0}, 7={isBarred: false (type: 0, isConditionally: false), factor: 0, timeseconds: 0}, 8={isBarred: false (type: 0, isConditionally: false), factor: 0, timeseconds: 0}, 9={isBarred: false (type: 0, isConditionally: false), factor: 0, timeseconds: 0}}} uacConvertSsac false
04-09 05:19:34.015  2893  3216 I SsacInfo: voiceBarringInfo mConditionalBarringFactor:0 mConditionalBarringTimeSeconds:0
04-09 05:19:34.015  2893  3216 I SsacInfo: videoBarringInfo mConditionalBarringFactor:0 mConditionalBarringTimeSeconds:0
04-09 05:19:34.015  2893  3216 I SsacManager<0>: updateSSACInfo : Voice(100:0) Video(100:0)
04-09 05:19:34.015  2893  3216 I SsacManager<0>: Voice Call: updateSSACInfo : f[100], t[0]
04-09 05:19:34.015  2893  3216 I SsacManager<0>: Video Call: updateSSACInfo : f[100], t[0]
04-09 05:19:34.015  1368  2295 D SemCellularStateManager: onSignalStrengthsChanged: mCellularSignalLevel=3
04-09 05:19:34.019  2448  2448 D StatusBarIconController: ignoring old pipeline callbacks, because the new mobile icons are enabled
04-09 05:19:34.021  2665  2706 I EPDG -- SIM0 IwlanNetworkService: requestNetworkRegistrationInfo for domain 2
04-09 05:19:34.022  2665  2793 I EPDG -- SIM0 IwlanNetworkService: Calling onRequestNetworkRegistrationInfoComplete.resultCode = 0, netState = NetworkRegistrationInfo{ domain=PS transportType=WLAN registrationState=UNKNOWN networkRegistrationState=UNKNOWN roamingType=NOT_ROAMING accessNetworkTechnology=IWLAN rejectCause=0 emergencyEnabled=false availableServices=[] cellIdentity=null voiceSpecificInfo=null dataSpecificInfo=null nrState=**** rRplmn= isUsingCarrierAggregation=false}
04-09 05:19:34.022  1485  1736 D SemNativeCarrierFeature_vendor: getInstance
04-09 05:19:34.024  1485  1736 D SemNativeCarrierFeature_vendor: getInstance
04-09 05:19:34.025  1368  2234 D ConnectivityService: notifyType CALLBACK_CAP_CHANGED for [536 CELLULAR]
04-09 05:19:34.029  2426  2426 D DataNetwork: getCallStateForSlot 0
04-09 05:19:34.029  7976  8579 I HBD     : g onCapabilitiesChanged network : 536 current network state : wifi 
04-09 05:19:34.032  1368  2234 D ConnectivityService: notifyType CALLBACK_CAP_CHANGED for [535 CELLULAR]
04-09 05:19:34.033  2893  3189 I PdnController<1>: onCapabilitiesChanged: network 535 networkCapabilities [ Transports: CELLULAR Capabilities: IMS&NOT_METERED&TRUSTED&NOT_VPN&VALIDATED&NOT_ROAMING&FOREGROUND&NOT_CONGESTED&NOT_SUSPENDED&NOT_VCN_MANAGED&MMTEL LinkUpBandwidth>=9800Kbps LinkDnBandwidth>=9800Kbps Specifier: <TelephonyNetworkSpecifier [mSubId = 1]> SubscriptionIds: {1} UnderlyingNetworks: Null]
04-09 05:19:34.033  1368  2295 D SemCellularStateManager: onCellInfoChanged: cellInfoList Number of cell: 1
04-09 05:19:34.033  1368  2295 D SemCellularStateManager: onCellInfoChanged: Registered = true, mCellularCellId = 24606
04-09 05:19:34.033  2893  2893 I TelephonyCallbackForPdnController<0>: onCellInfoChanged: xxxxx
04-09 05:19:34.033  2893  2893 I ImsCallSessionManager: onCellInfoChanged, phoneId: 0
04-09 05:19:34.034  2893  3142 I RegiMgr-Handler: handleMessage: EVENT_CELL_INFO_CHANGED
04-09 05:19:34.034  2893  3142 I RegiMgr<0>: tryRegister:
04-09 05:19:34.034  2893  3142 I RegiMgr<0>: RegisterTask(s): SamsungCMC_PD (IDLE), Global GC RCS (IDLE)
04-09 05:19:34.034  2893  3142 I RegiMgr<1>: RegisterTask(s): SamsungCMC_PD (IDLE), Zong Pakistan VoLTE (REGISTERED, rat = 13, service = [mmtel-video, smsip, mmtel]), Global GC RCS (IDLE)
04-09 05:19:34.034  2893  3142 I RcsPolicyMgr<0>: pendingRcsRegister: mActiveDataPhoneId = 1
04-09 05:19:34.034  2893  3142 I RegisterTask: isSuspended: mSuspended(false) mSuspendByIrat(false)
04-09 05:19:34.034  2893  3142 I RegiMgr<0>: [SamsungCMC_PD|IDLE] checkForTryRegister id: 10000
04-09 05:19:34.034  2893  3142 I RegiMgr : isPdnConnected: false, PdnType: 0
04-09 05:19:34.035  2893  3142 I PdnController: getDefaultNetworkBearer:  WIFI
04-09 05:19:34.035  2893  3142 I RegiMgr-Utils<0>: findBestNetwork: WIFI needWifiNetwork = true
04-09 05:19:34.035  2893  3142 I RegiGvnBase<0>: isReadyToDualRegister: slot 1's call state: 0
04-09 05:19:34.035  2893  3142 I RegiGvnBase<0>: isReadyToDualRegister : true
04-09 05:19:34.037  2893  3142 I RegiMgr<0>: [SamsungCMC_PD|IDLE] checkInitialRegistrationIsReady: APM ON [false], Roamimg [false]
04-09 05:19:34.037  2893  3142 I RcsPolicyMgr<0>: pendingRcsRegister: mActiveDataPhoneId = 1
04-09 05:19:34.037  2893  3142 I ImsProfile: isRttSupportByCallApp : false ttyType : 1
04-09 05:19:34.037  2893  3142 I RegiMgr-Utils<0>: getPriorityRegiedTask : isPriority  High? true
04-09 05:19:34.040  2893  3142 I CmcAccountManager: hasSecondaryDevice : no SD with current PD
04-09 05:19:34.040  2893  3142 I RegiMgr<0>: [SamsungCMC_PD|IDLE] checkForTryRegister: isReadyToRegister = false
04-09 05:19:34.040  2893  3142 I RcsPolicyMgr<0>: pendingRcsRegister: mActiveDataPhoneId = 1
04-09 05:19:34.040  2893  3142 I RegisterTask: isSuspended: mSuspended(false) mSuspendByIrat(false)
04-09 05:19:34.040  2893  3142 I RegiMgr<0>: [Global GC RCS|IDLE] checkForTryRegister id: 1173
04-09 05:19:34.040  2893  3142 I RegiMgr : isPdnConnected: false, PdnType: 0
04-09 05:19:34.041  2893  3142 I PdnController: getDefaultNetworkBearer:  WIFI
04-09 05:19:34.041  2893  3142 I RegiMgr-Utils<0>: findBestNetwork: WIFI needWifiNetwork = true
04-09 05:19:34.042  2893  3142 I RegiGvnBase<0>: isReadyToDualRegister: slot 1's call state: 0
04-09 05:19:34.042  2893  3142 I RegiGvnBase<0>: isReadyToDualRegister : true
04-09 05:19:34.043  2893  3142 I RegiMgr<0>: [Global GC RCS|IDLE] checkInitialRegistrationIsReady: APM ON [false], Roamimg [false]
04-09 05:19:34.043  2893  3142 I RcsPolicyMgr<0>: pendingRcsRegister: mActiveDataPhoneId = 1
04-09 05:19:34.044  2893  3142 I ImsProfile: isRttSupportByCallApp : false ttyType : 1
04-09 05:19:34.044  2893  3142 I RegiMgr-Utils<0>: getPriorityRegiedTask : isPriority  High? true
04-09 05:19:34.044  2893  3142 I RegiGvnBase: checkRegiStatus: getState()=IDLE mIsUpdateRegistering=false
04-09 05:19:34.044  2893  3142 I RegiMgr<0>: getTelephonyCallStatus:
04-09 05:19:34.045  2893  3142 I ConfigProvider: query uri:xxxxx
04-09 05:19:34.047  1368  1368 D SemWifiService: onServiceStateChanged : state - 1, dataNetworkType : 0
04-09 05:19:34.047  1368  3014 I LocationAccessPolicy: com.android.systemui is aware of fine but the app-ops permission is specifically denied.
04-09 05:19:34.047  1368  3014 I LocationAccessPolicy: checkLocationPermission - callingUid: 10046, callingPid: 2448, resultForFine: DENIED_SOFT
04-09 05:19:34.047  2893  3142 I ConfigProvider: queryStorage path content://com.samsung.rcs.autoconfigurationprovider/parameter/version#simslot0
04-09 05:19:34.047  1368  3014 I LocationAccessPolicy: com.android.systemui is aware of coarse but the app-ops permission is specifically denied.
04-09 05:19:34.047  1368  3014 I LocationAccessPolicy: checkLocationPermission - callingUid: 10046, callingPid: 2448, resultForCoarse: DENIED_SOFT
04-09 05:19:34.048  1368  3014 I LocationAccessPolicy: com.android.systemui is aware of fine but the app-ops permission is specifically denied.
04-09 05:19:34.048  1368  3014 I LocationAccessPolicy: checkLocationPermission - callingUid: 10046, callingPid: 2448, resultForFine: DENIED_SOFT
04-09 05:19:34.048  1368  3014 I LocationAccessPolicy: com.android.systemui is aware of coarse but the app-ops permission is specifically denied.
04-09 05:19:34.048  1368  3014 I LocationAccessPolicy: checkLocationPermission - callingUid: 10046, callingPid: 2448, resultForCoarse: DENIED_SOFT
04-09 05:19:34.049  1038  1038 V sec_audio_hw: sec_dev_set_parameters : l_call_2g_tdma=true
04-09 05:19:34.049  1038  1038 D audio_hw_primary: adev_set_parameters: enter: l_call_2g_tdma=true
04-09 05:19:34.049  1038  1038 V audio_hw_sec: sec_set_parameters: enter
04-09 05:19:34.049  1038  1038 D audio_hw_primary: adev_set_parameters: exit with code(0)
04-09 05:19:34.050  2893  3142 I RegiGvnRcs: isReadyToRegister: User don't try RCS service yet
04-09 05:19:34.050  2893  3142 I RegiMgr<0>: [Global GC RCS|IDLE] checkForTryRegister: isReadyToRegister = false
04-09 05:19:34.050  1368  3014 I LocationAccessPolicy: com.android.systemui is aware of fine but the app-ops permission is specifically denied.
04-09 05:19:34.050  1368  3014 I LocationAccessPolicy: checkLocationPermission - callingUid: 10046, callingPid: 2448, resultForFine: DENIED_SOFT
04-09 05:19:34.050  1368  1368 D SemWifiApServiceImpl: onServiceStateChanged : 1dataNetworkType : 0
04-09 05:19:34.050  1368  1368 W NSLocationMonitor: onServiceStateChanged, state=1 / channel=2147483647
04-09 05:19:34.050  1368  1368 I NSLocationMonitor: networkType[0]=UNKNOWN / nrState=false
04-09 05:19:34.050  1368  3014 I LocationAccessPolicy: com.android.systemui is aware of coarse but the app-ops permission is specifically denied.
04-09 05:19:34.050  1368  1368 W NSLocationMonitor: onServiceStateChanged, state=1 / channel=2147483647
04-09 05:19:34.050  2448  2448 D StatusBarIconController: ignoring old pipeline callbacks, because the new mobile icons are enabled
04-09 05:19:34.050  1368  1368 I NSLocationMonitor: networkType[0]=UNKNOWN / nrState=false
04-09 05:19:34.050  1368  3014 I LocationAccessPolicy: checkLocationPermission - callingUid: 10046, callingPid: 2448, resultForCoarse: DENIED_SOFT
04-09 05:19:34.051  3464  3583 W NetworkManager_FLP: updateServiceStateChanged, serviceState=1 / isRegistered=true / channel=2147483647 / networkTypeName=UNKNOWN / nr=false
04-09 05:19:34.051  3464  3583 I NetworkManager_FLP: Success to update networkStatus, Service=1 / Network=UNKNOWN(band=0, ch=2147483647) / MobileData=true, roaming=false / WIFI=true, conn=true / BT=true, conn=false
04-09 05:19:34.051  3464  3583 W NetworkManager_FLP: updateServiceStateChanged, serviceState=1 / isRegistered=true / channel=2147483647 / networkTypeName=UNKNOWN / nr=false
04-09 05:19:34.051  1368  2697 D SLocation: CellLocationManager - onServiceStateChanged 1
04-09 05:19:34.052  2448  2448 D MobileIconViewModel: [mobile] (0/7) connected=false dataConnected=false dataType=DefaultIcon(iconGroup=IconGroup(4G)) networkType=LTE simCard=ETC
04-09 05:19:34.052  1368  3014 I LocationAccessPolicy: checkLocationPermission - callingUid: 10070, callingPid: 24810, resultForFine: DENIED_HARD
04-09 05:19:34.052  2893  2893 I TelephonyCallbackForPdnController<0>: onServiceStateChanged: state={mVoiceRegState=1(OUT_OF_SERVICE), mDataRegState=1(OUT_OF_SERVICE), mChannelNumber=2147483647, duplexMode()=0, mCellBandwidths=[], mOperatorAlphaLong=, mOperatorAlphaShort=, isManualNetworkSelection=false(automatic), getRilVoiceRadioTechnology=16(GSM), getRilDataRadioTechnology=0(Unknown), mCssIndicator=unsupported, mNetworkId=*1, mSystemId=*1, mCdmaRoamingIndicator=-1, mCdmaDefaultRoamingIndicator=-1, VoiceRegType=0, Snap=0, PsOnly=false, FemtocellInd=0, SprDisplayRoam=false, OptRadioTech=0, MsimSubmode=0, IsVoiceCallAvailable=false, mIsEmergencyOnly=true, isUsingCarrierAggregation=false, mArfcnRsrpBoost=0, mNetworkRegistrationInfos=[NetworkRegistrationInfo{ domain=PS transportType=WLAN registrationState=UNKNOWN networkRegistrationState=UNKNOWN roamingType=NOT_ROAMING accessNetworkTechnology=IWLAN rejectCause=0 emergencyEnabled=false availableServices=[] cellIdentity=null voiceSpecificInfo=null dataSpecificInfo=null nrState=**** rRplmn= isUsingCarrierAggregation=false}, NetworkRegistrationInfo{ domain=CS transportType=WWAN registrationState=NOT_REG_SEARCHING networkRegistrationState=NOT_REG_SEARCHING roamingType=NOT_ROAMING accessNetworkTechnology=GSM rejectCause=0 emergencyEnabled=true availableServices=[EMERGENCY] cellIdentity=CellIdentityGsm:{ mLac=**6 mCid=2***6 mArfcn=2147483647 mBsic=0x7fffffff mMcc=410 mMnc=04 mAlphaLong=Zong mAlphaShort=Zong mAdditionalPlmns={}} voiceSpecificInfo=VoiceSpecificRegistrationInfo { mCssSupported=false mRoamingIndicator=0 mSystemIsInPrl=0 mDefaultRoamingIndicator=0} dataSpecificInfo=null nrState=**** rRplmn=41004 isUsingCarrierAggregation=false}, NetworkRegistrationInfo{ domain=PS transportType=WWAN registrationState=DENIED networkRegistrationState=DENIED roamingType=NOT_ROAMING accessNetworkTechnology=UNKNOWN rejectCause=0 emergencyEnabled=false availableServices=[] cellIdentity=null voiceSpecificInfo=null dataSpecificInfo=android.telephony.DataSpecificRegistrationInfo :{ maxDataCalls = 16 isDcNrRestricted = false isNrAvailable = false isEnDcAvailable = false mLteAttachResultType = 0 mLteAttachExtraInfo = 0 LteVopsSupportInfo :  mVopsSupport = 1 mEmcBearerSupport = 1 } nrState=**** rRplmn= isUsingCarrierAggregation=false}], mNrFrequencyRange=0, mOperatorAlphaLongRaw=, mOperatorAlphaShortRaw=, mIsDataRoamingFromRegistration=false, mIsIwlanPreferred=false}Changed=EmcBsIndi:NOT_SUPPORTED=>UNKNOWN, VoiceNet:3=>16, Operator:41003=>41004
04-09 05:19:34.052  2893  2893 I PdnController<0>: notifyDataConnectionState
04-09 05:19:34.052  2893  2893 I PdnController<0>: notifyDataConnectionState: needNotify=true networkType=0 isEpdgConnected=false dataNetType=13=>0 dataRegState=1=>1
04-09 05:19:34.052  1368  3014 I LocationAccessPolicy: checkLocationPermission - callingUid: 10070, callingPid: 24810, resultForCoarse: DENIED_HARD
04-09 05:19:34.052  1368  3014 I LocationAccessPolicy: checkLocationPermission - callingUid: 10152, callingPid: 24401, resultForFine: DENIED_HARD
04-09 05:19:34.052  1368  3014 I LocationAccessPolicy: checkLocationPermission - callingUid: 10152, callingPid: 24401, resultForCoarse: DENIED_HARD
04-09 05:19:34.052  1368  2295 W SemWifiBackOff.Fcc: service state is STATE_OUT_OF_SERVICE telephony country iso: pk
04-09 05:19:34.052  2893  3216 I VolteServiceModule: onServiceStateChanged({mVoiceRegState=1(OUT_OF_SERVICE), mDataRegState=1(OUT_OF_SERVICE), mChannelNumber=2147483647, duplexMode()=0, mCellBandwidths=[], mOperatorAlphaLong=, mOperatorAlphaShort=, isManualNetworkSelection=false(automatic), getRilVoiceRadioTechnology=16(GSM), getRilDataRadioTechnology=0(Unknown), mCssIndicator=unsupported, mNetworkId=*1, mSystemId=*1, mCdmaRoamingIndicator=-1, mCdmaDefaultRoamingIndicator=-1, VoiceRegType=0, Snap=0, PsOnly=false, FemtocellInd=0, SprDisplayRoam=false, OptRadioTech=0, MsimSubmode=0, IsVoiceCallAvailable=false, mIsEmergencyOnly=true, isUsingCarrierAggregation=false, mArfcnRsrpBoost=0, mNetworkRegistrationInfos=[NetworkRegistrationInfo{ domain=PS transportType=WLAN registrationState=UNKNOWN networkRegistrationState=UNKNOWN roamingType=NOT_ROAMING accessNetworkTechnology=IWLAN rejectCause=0 emergencyEnabled=false availableServices=[] cellIdentity=null voiceSpecificInfo=null dataSpecificInfo=null nrState=**** rRplmn= isUsingCarrierAggregation=false}, NetworkRegistrationInfo{ domain=CS transportType=WWAN registrationState=NOT_REG_SEARCHING networkRegistrationState=NOT_REG_SEARCHING roamingType=NOT_ROAMING accessNetworkTechnology=GSM rejectCause=0 emergencyEnabled=true availableServices=[EMERGENCY] cellIdentity=CellIdentityGsm:{ mLac=**6 mCid=2***6 mArfcn=2147483647 mBsic=0x7fffffff mMcc=410 mMnc=04 mAlphaLong=Zong mAlphaShort=Zong mAdditionalPlmns={}} voiceSpecificInfo=VoiceSpecificRegistrationInfo { mCssSupported=false mRoamingIndicator=0 mSystemIsInPrl=0 mDefaultRoamingIndicator=0} dataSpecificInfo=null nrState=**** rRplmn=41004 isUsingCarrierAggregation=false}, NetworkRegistrationInfo{ domain=PS transportType=WWAN registrationState=DENIED networkRegistrationState=DENIED roamingType=NOT_ROAMING accessNetworkTechnology=UNKNOWN rejectCause=0 emergencyEnabled=false availableServices=[] cellIdentity=null voiceSpecificInfo=null dataSpecificInfo=android.telephony.DataSpecificRegistrationInfo :{ maxDataCalls = 16 isDcNrRestricted = false isNrAvailable = false isEnDcAvailable = false mLteAttachResultType = 0 mLteAttachExtraInfo = 0 LteVopsSupportInfo :  mVopsSupport = 1 mEmcBearerSupport = 1 } nrState=**** rRplmn= isUsingCarrierAggregation=false}], mNrFrequencyRange=0, mOperatorAlphaLongRaw=, mOperatorAlphaShortRaw=, mIsDataRoamingFromRegistration=false, mIsIwlanPreferred=false})
04-09 05:19:34.052  2893  3216 I VolteServiceModule: mIsLteEpsOnlyAttached(0):false
04-09 05:19:34.053  1368  3014 I LocationAccessPolicy: checkLocationPermission - callingUid: 9510152, callingPid: 24395, resultForFine: DENIED_HARD
04-09 05:19:34.053  1368  3014 I LocationAccessPolicy: checkLocationPermission - callingUid: 9510152, callingPid: 24395, resultForCoarse: DENIED_HARD
04-09 05:19:34.053  2665  6860 I EPDG -- SIM0 [NetController]: WWAN Voice Regi: 1 Roaming: 0
04-09 05:19:34.053  2665  6860 I EPDG -- SIM0 [NetController]: WWAN Data Regi: 1 Rat: 0 Roaming: false
04-09 05:19:34.053  1368  3014 W ContextImpl: Calling a method in the system process without a qualified user: android.app.ContextImpl.sendBroadcastMultiplePermissions:1331 android.content.Context.sendBroadcastMultiplePermissions:2480 com.android.server.TelephonyRegistry.broadcastServiceStateChanged:3657 com.android.server.TelephonyRegistry.notifyServiceStateForPhoneId:1753 com.android.internal.telephony.ITelephonyRegistry$Stub.onTransact:542 
04-09 05:19:34.053  2893  2893 I ImsCallSessionManager: onDataConnectionStateChanged(): networkType [UNKNOWN]isWifiConnected [true], phoneId [0]
04-09 05:19:34.054  2893  2893 I RegiMgr-Handler<0>: onDataConnectionStateChanged(): networkType [UNKNOWN], isWifiConnected [true]
04-09 05:19:34.054  2893  3142 I RegiMgr-Handler: handleMessage: EVENT_NETWORK_TYPE
04-09 05:19:34.054  2893  3142 I RegiMgr-NetEvtCtr<0>: onNetworkChanged: suspendByIrat=false
04-09 05:19:34.054  2893  3142 I NetworkState: setAllCellInfo : Cleared by null set !!!!
04-09 05:19:34.054  2893  2893 I TelephonyCallbackForPdnController<0>: notifySnapshotState: snapshotState=0 old=0
04-09 05:19:34.054  1368  2295 V SemWifiBackOff.5G: checkAndSetup nrFrequencyRange=0 / prevNrFrequencyRange=0
04-09 05:19:34.054  1368  2295 V SemWifiBackOff.5G: restore back off mode, current: [NONE]
04-09 05:19:34.054  2665  6860 I EPDG -- SIM0 [NetController]: onNetworkStatusChanged: disable Epdg
04-09 05:19:34.055  1368  3014 W ContextImpl: Calling a method in the system process without a qualified user: android.app.ContextImpl.sendBroadcastMultiplePermissions:1364 com.android.server.TelephonyRegistry.broadcastServiceStateChanged:3662 com.android.server.TelephonyRegistry.notifyServiceStateForPhoneId:1753 com.android.internal.telephony.ITelephonyRegistry$Stub.onTransact:542 android.os.Binder.execTransactInternal:1380 
04-09 05:19:34.055  2893  3142 I RegiMgr-NetEvtCtr<0>: onNetworkEventChanged:Changed Event: Voice network(0=>16), isWifiConnected(false=> true), Operator(=>41004)
04-09 05:19:34.055  2893  3142 I VolteServiceModule: onNetworkChanged: NetworkEvent [network=0, voiceNetwork=16, voiceOverPs=UNKNOWN, outOfService=true, isDataRoaming=false, isVoiceRoaming=false, csOutOfService=true, isWifiConnected=true, isEpdgConnected=false, isEpdgAvailable=false, operatorNumeric=41004, isPsOnlyReg=false, isDataConnected=false]
04-09 05:19:34.055  2893  3142 E #IMSCR  : 04-09 05:19:34 0x30000009:0,13->0
04-09 05:19:34.055  2893  3142 I ImModule: updateFeatures: phoneId = 0
04-09 05:19:34.055  2893  3142 I ImsServiceSwitchEur[0]:  isRcsEnabled: true mDefaultSms true mUpsmEnabled false mEmergencyEnabled false
04-09 05:19:34.055  2893  3216 I VolteServiceModule: tryDisconnect(0) delay 100
04-09 05:19:34.055  2893  3142 I ImsServiceSwitchEur[0]:  isRcsEnabled: true mDefaultSms true mUpsmEnabled false mEmergencyEnabled false
04-09 05:19:34.055  2893  3142 I ImsServiceSwitchEur[0]:  isRcsEnabled: true mDefaultSms true mUpsmEnabled false mEmergencyEnabled false
04-09 05:19:34.055  2893  3142 I ImsServiceSwitchEur[0]:  isRcsEnabled: true mDefaultSms true mUpsmEnabled false mEmergencyEnabled false
04-09 05:19:34.055  2893  3142 I ImsServiceSwitchEur[0]:  isRcsEnabled: true mDefaultSms true mUpsmEnabled false mEmergencyEnabled false
04-09 05:19:34.055  2893  3142 I ImsServiceSwitchEur[0]:  isRcsEnabled: true mDefaultSms true mUpsmEnabled false mEmergencyEnabled false
04-09 05:19:34.056  2893  3142 I ConfigProvider: query uri:xxxxx
04-09 05:19:34.056  1368  1368 D SemWifiService: received: android.intent.action.SERVICE_STATE
04-09 05:19:34.058  1368  3014 W ContextImpl: Calling a method in the system process without a qualified user: android.app.ContextImpl.sendBroadcastMultiplePermissions:1364 com.android.server.TelephonyRegistry.broadcastServiceStateChanged:3671 com.android.server.TelephonyRegistry.notifyServiceStateForPhoneId:1753 com.android.internal.telephony.ITelephonyRegistry$Stub.onTransact:542 android.os.Binder.execTransactInternal:1380 
04-09 05:19:34.058  2893  3142 I ConfigProvider: queryStorage path content://com.samsung.rcs.autoconfigurationprovider/parameter/geolocPushAuth#simslot0
04-09 05:19:34.058  2893  3142 I FeatureUpdater: isEnableGls: false
04-09 05:19:34.058  2893  3142 I ImsServiceSwitchEur[0]:  isRcsEnabled: true mDefaultSms true mUpsmEnabled false mEmergencyEnabled false
04-09 05:19:34.058  2893  3142 I FeatureUpdater: FEATURE_CHATBOT_EXTENDED_MSG enabled ver:1.3
04-09 05:19:34.058  2893  3142 I CapexInfo: getFeatureTag: features = 0 []
04-09 05:19:34.058  2893  3142 I FeatureUpdater: updateFeatures: 
04-09 05:19:34.058  2893  3142 I RcsUtils: isDualRcsReg: false
04-09 05:19:34.058  2893  3142 I CapabilityUtil<0>: onNetworkChanged: mAvailablePhoneId = ! phoneId
04-09 05:19:34.058  2893  3142 I SmsServiceModule: regInfo: null
04-09 05:19:34.058  2893  3142 I SmsServiceModule: disallow sms Service
04-09 05:19:34.058  2893  3142 I SmsServiceModule: Sms Service queryCapabilityStatus[0]: removeCapabilities CAPABILITY_TYPE_SMS
04-09 05:19:34.058  2893  3142 I CmcAccountManager: isSupportDualSimCMC: false
04-09 05:19:34.058  2893  3142 I CmcAccountManager: isSupportDualSimCMC: false
04-09 05:19:34.058  2893  3142 I CmcAccountManager: isSupportDualSimCMC: false
04-09 05:19:34.058  2893  3142 I CmcAccountManager: isSupportDualSimCMC: false
04-09 05:19:34.058  2893  3142 E CmcServiceHelper: disallow Call Service
04-09 05:19:34.059  2893  3142 I CmcAccountManager: isSupportDualSimCMC: false
04-09 05:19:34.059  2893  3142 I CmcAccountManager: isSupportDualSimCMC: false
04-09 05:19:34.059  2893  3142 I CmcAccountManager: isSupportDualSimCMC: false
04-09 05:19:34.059  2893  3142 I CmcAccountManager: isSupportDualSimCMC: false
04-09 05:19:34.059  2893  3142 E CmcServiceHelper: disallow Call Service
04-09 05:19:34.059  2893  3142 I CmcAccountManager: isSupportDualSimCMC: false
04-09 05:19:34.059  2893  3142 I CmcAccountManager: isSupportDualSimCMC: false
04-09 05:19:34.059  2893  3142 I CmcAccountManager: isSupportDualSimCMC: false
04-09 05:19:34.059  2893  3142 I CmcAccountManager: isSupportDualSimCMC: false
04-09 05:19:34.059  2893  3142 E CmcServiceHelper: disallow Call Service
04-09 05:19:34.059  2893  3142 E GlobalSettingsRepoBase: globalgcsettings No matched key : ss_domain_setting
04-09 05:19:34.059  2893  3142 I UtServiceModule<0>: isUtEnabled with policy : CS_ALWAYS enabled = false
04-09 05:19:34.059  2893  3142 I CapabilityDiscModule<0>: queryCapabilityStatus
04-09 05:19:34.059  2893  3142 E CapabilityUtil<0>: checkModuleReady: config is null
04-09 05:19:34.059  2893  3142 I CapabilityDiscModule<0>: isUceServiceAvailable: not ready
04-09 05:19:34.059  2893  3142 E CapabilityUtil<0>: checkModuleReady: config is null
04-09 05:19:34.059  2893  3142 I CapabilityDiscModule<0>: isUceServiceAvailable: not ready
04-09 05:19:34.059  2893  3142 I SecImsNotifier: slot[0]: updateCapabilities: capabilities=MmTel Capabilities - [Voice: false Video: false UT: false SMS: false CALL_COMPOSER: false]
04-09 05:19:34.059  2893  3142 I SecImsServiceConnector<0>: getMmTelFeatureImpl
04-09 05:19:34.059  2893  3142 E SecImsServiceConnector: connect to local SecImsService #1 attempt
04-09 05:19:34.059  2893  3142 I SecImsService: createMmTelFeatureForSubscription: slotId=0,subscriptionId=-1
04-09 05:19:34.059  2893  3142 I SecImsNotifier: slot[0]: updateRcsCapabilities: capabilities=Capabilities: 0
04-09 05:19:34.059  2893  3142 I SecImsServiceConnector<0>: getRcsFeatureImpl
04-09 05:19:34.059  2893  3142 E SecImsServiceConnector: connect to local SecImsService #1 attempt
04-09 05:19:34.059  2893  3142 I SecImsService: createRcsFeatureForSubscription: slotId=0,subscriptionId=-1
04-09 05:19:34.059  2893  3142 I RegiMgr-NetEvtCtr<0>: handleNetworkEventBeforeRegister: new network event=NetworkEvent [network=0, voiceNetwork=16, voiceOverPs=UNKNOWN, outOfService=true, isDataRoaming=false, isVoiceRoaming=false, csOutOfService=true, isWifiConnected=true, isEpdgConnected=false, isEpdgAvailable=false, operatorNumeric=41004, isPsOnlyReg=false, isDataConnected=false], old network event=NetworkEvent [network=0, voiceNetwork=0, voiceOverPs=UNKNOWN, outOfService=true, isDataRoaming=false, isVoiceRoaming=false, csOutOfService=true, isWifiConnected=false, isEpdgConnected=false, isEpdgAvailable=false, operatorNumeric=, isPsOnlyReg=false, isDataConnected=false]
04-09 05:19:34.059  2893  3142 I RegiMgr-NetEvtCtr<0>: handleNetworkEventBeforeRegister: new network event=NetworkEvent [network=0, voiceNetwork=16, voiceOverPs=UNKNOWN, outOfService=true, isDataRoaming=false, isVoiceRoaming=false, csOutOfService=true, isWifiConnected=true, isEpdgConnected=false, isEpdgAvailable=false, operatorNumeric=41004, isPsOnlyReg=false, isDataConnected=false], old network event=NetworkEvent [network=0, voiceNetwork=0, voiceOverPs=UNKNOWN, outOfService=true, isDataRoaming=false, isVoiceRoaming=false, csOutOfService=true, isWifiConnected=false, isEpdgConnected=false, isEpdgAvailable=false, operatorNumeric=, isPsOnlyReg=false, isDataConnected=false]
04-09 05:19:34.059  2893  3142 I RegiMgr-NetEvtCtr<0>: out of service.
04-09 05:19:34.059  2893  3142 I TelephonyManagerWrapper<0>: getRilSimOperator: ETC
04-09 05:19:34.059  2893  3142 I SimManager<0>: hasIsim: [false]
04-09 05:19:34.060  2893  3142 E GlobalSettingsRepoBase: globalgcsettings No matched key : use_usim_on_invalid_isim
04-09 05:19:34.060  2893  3142 I SimManager<0>: mSimState:LOADED, mIsimLoaded:false, hasIsim():false
04-09 05:19:34.060  2893  3142 I TelephonyManagerWrapper<0>: getRilSimOperator: ETC
04-09 05:19:34.060  2893  3142 I SimManager<0>: hasIsim: [false]
04-09 05:19:34.060  2893  3142 E GlobalSettingsRepoBase: globalgcsettings No matched key : use_usim_on_invalid_isim
04-09 05:19:34.060  2893  3142 E GlobalSettingsRepoBase: globalgcsettings No matched key : ss_enable_in_roaming
04-09 05:19:34.060  2893  3142 I RegiMgr-NetEvtCtr<0>: onNetworkEventChanged: tryRegister by phoneID
04-09 05:19:34.060  2893  3142 I RegiMgr<0>: tryRegister:
04-09 05:19:34.060  2893  3142 I RegiMgr<0>: RegisterTask(s): SamsungCMC_PD (IDLE), Global GC RCS (IDLE)
04-09 05:19:34.060  2893  3142 I RegiMgr<1>: RegisterTask(s): SamsungCMC_PD (IDLE), Zong Pakistan VoLTE (REGISTERED, rat = 13, service = [mmtel-video, smsip, mmtel]), Global GC RCS (IDLE)
04-09 05:19:34.060  2893  3142 I RcsPolicyMgr<0>: pendingRcsRegister: mActiveDataPhoneId = 1
04-09 05:19:34.060  2893  3142 I RegisterTask: isSuspended: mSuspended(false) mSuspendByIrat(false)
04-09 05:19:34.060  2893  3142 I RegiMgr<0>: [SamsungCMC_PD|IDLE] checkForTryRegister id: 10000
04-09 05:19:34.060  2893  3142 I RegiMgr : isPdnConnected: false, PdnType: 0
04-09 05:19:34.061  1368  3014 W ContextImpl: Calling a method in the system process without a qualified user: android.app.ContextImpl.sendBroadcastMultiplePermissions:1364 com.android.server.TelephonyRegistry.broadcastServiceStateChanged:3677 com.android.server.TelephonyRegistry.notifyServiceStateForPhoneId:1753 com.android.internal.telephony.ITelephonyRegistry$Stub.onTransact:542 android.os.Binder.execTransactInternal:1380 
04-09 05:19:34.061  2893  3142 I PdnController: getDefaultNetworkBearer:  WIFI
04-09 05:19:34.062  2426  2426 D ServiceStateProvider: subId=7
04-09 05:19:34.063  2448  2448 D MultiSIMController: onReceive() - action = android.intent.action.SERVICE_STATE
04-09 05:19:34.063  2893  3142 I RegiMgr-Utils<0>: findBestNetwork: WIFI needWifiNetwork = true
04-09 05:19:34.063  2448  2448 D CarrierTextController: carrierTextForSimState(7)-(order: 0) : Emergency calls only
04-09 05:19:34.063  2448  2448 D CarrierTextController: carrierTextForSimState(1)-(order: 1) : ZONG
04-09 05:19:34.063  2448  2448 D CarrierTextController: setText : Emergency calls only • ZONG
04-09 05:19:34.063  2448  2448 D CarrierTextController: carrierTextForSimState(7)-(order: 0) : Emergency calls only
04-09 05:19:34.063  2448  2448 D CarrierTextController: carrierTextForSimState(1)-(order: 1) : ZONG
04-09 05:19:34.063  2448  2448 D CarrierTextController: setText : Emergency calls only • ZONG
04-09 05:19:34.063  2448  2448 D CarrierTextController: carrierTextForSimState(7)-(order: 0) : Emergency calls only
04-09 05:19:34.063  2448  2448 D CarrierTextController: carrierTextForSimState(1)-(order: 1) : ZONG
04-09 05:19:34.063  2448  2448 D CarrierTextController: setText : Emergency calls only • ZONG
04-09 05:19:34.063  2448  2448 D FaceWidgetPagesController: onRefreshCarrierInfo()
04-09 05:19:34.063 31434 31434 D CellBroadcastReceiver: onReceive Intent { act=android.intent.action.SERVICE_STATE flg=0x1000010 cmp=com.google.android.cellbroadcastreceiver/com.android.cellbroadcastreceiver.CellBroadcastReceiver (has extras) }
04-09 05:19:34.064  2448  2448 D FaceWidgetClockRoamManager: isNetworkRoamingState id=7
04-09 05:19:34.064  2448  2448 D FaceWidgetClockRoamManager: isNetworkRoamingState false
04-09 05:19:34.064  2448  2448 D FaceWidgetClockRoamManager: onRefreshCarrierInfo(pre, now): false, false
04-09 05:19:34.064  2448  2448 D FaceWidgetClockPage: onRefreshCarrierInfo : isChanged false mIsRoaming false
04-09 05:19:34.064  2893  3142 I RegiGvnBase<0>: isReadyToDualRegister: slot 1's call state: 0
04-09 05:19:34.064  2893  3142 I RegiGvnBase<0>: isReadyToDualRegister : true
04-09 05:19:34.064 31434 31434 D CellBroadcastReceiver: onServiceStateChanged, ss: 1
04-09 05:19:34.064 31434 31434 D CellBroadcastReceiver: networkOperator: 41004
04-09 05:19:34.064  1368  3014 I Telecom:SamsungTelecomServiceImpl: isInCall - callingPackage : com.android.systemui / callingUser : UserHandle{0} / hasCrossUserAccess : true
04-09 05:19:34.065 31434 31434 D CellBroadcastReceiver: update supported roaming operator as 
04-09 05:19:34.065  2448  2448 D MultiSIMController: MESSAGE_UPDATE_SERVICE_STATE
04-09 05:19:34.066  2893  3142 I RegiMgr<0>: [SamsungCMC_PD|IDLE] checkInitialRegistrationIsReady: APM ON [false], Roamimg [false]
04-09 05:19:34.066  2893  3142 I RcsPolicyMgr<0>: pendingRcsRegister: mActiveDataPhoneId = 1
04-09 05:19:34.066  2893  3142 I ImsProfile: isRttSupportByCallApp : false ttyType : 1
04-09 05:19:34.066  2893  3142 I RegiMgr-Utils<0>: getPriorityRegiedTask : isPriority  High? true
04-09 05:19:34.067  2893  3142 I CmcAccountManager: hasSecondaryDevice : no SD with current PD
04-09 05:19:34.067  2893  3142 I RegiMgr<0>: [SamsungCMC_PD|IDLE] checkForTryRegister: isReadyToRegister = false
04-09 05:19:34.067  2893  3142 I RcsPolicyMgr<0>: pendingRcsRegister: mActiveDataPhoneId = 1
04-09 05:19:34.067  2893  3142 I RegisterTask: isSuspended: mSuspended(false) mSuspendByIrat(false)
04-09 05:19:34.067  2893  3142 I RegiMgr<0>: [Global GC RCS|IDLE] checkForTryRegister id: 1173
04-09 05:19:34.067  2893  3142 I RegiMgr : isPdnConnected: false, PdnType: 0
04-09 05:19:34.067  1368  2697 D SLocation: CellLocationManager - onCellLocationChanged 7 / 0
04-09 05:19:34.068  2893  3142 I PdnController: getDefaultNetworkBearer:  WIFI
04-09 05:19:34.068  2448  2448 D ShadeCarrierGroup: handleUpdateCarrierInfo [Emergency calls only • ZONG] isLatin=false
04-09 05:19:34.068  2893  3142 I RegiMgr-Utils<0>: findBestNetwork: WIFI needWifiNetwork = true
04-09 05:19:34.068  2893  3142 I RegiGvnBase<0>: isReadyToDualRegister: slot 1's call state: 0
04-09 05:19:34.068  2893  3142 I RegiGvnBase<0>: isReadyToDualRegister : true
04-09 05:19:34.070  2893  3142 I RegiMgr<0>: [Global GC RCS|IDLE] checkInitialRegistrationIsReady: APM ON [false], Roamimg [false]
04-09 05:19:34.070  2893  3142 I RcsPolicyMgr<0>: pendingRcsRegister: mActiveDataPhoneId = 1
04-09 05:19:34.070  2893  3142 I ImsProfile: isRttSupportByCallApp : false ttyType : 1
04-09 05:19:34.070  2893  3142 I RegiMgr-Utils<0>: getPriorityRegiedTask : isPriority  High? true
04-09 05:19:34.070  2893  3142 I RegiGvnBase: checkRegiStatus: getState()=IDLE mIsUpdateRegistering=false
04-09 05:19:34.071  2893  3142 I RegiMgr<0>: getTelephonyCallStatus:
04-09 05:19:34.071  2448  2448 D MobileIconViewModel: [mobile] (0/7) connected=false dataConnected=false dataType=DefaultIcon(iconGroup=IconGroup(4G)) networkType=UNKNOWN simCard=ETC
04-09 05:19:34.071  2448  2448 D MobileIconViewModel: [mobile] (0/7) connected=false dataConnected=false dataType=DefaultIcon(iconGroup=IconGroup(Unknown)) networkType=UNKNOWN simCard=ETC
04-09 05:19:34.072  2893  3142 I ConfigProvider: query uri:xxxxx
04-09 05:19:34.072  2426  2426 I Telephony: TelecomAccountRegistry$TelecomAccountTelephonyCallback: onServiceStateChanged: newState=1, mServiceState=1
04-09 05:19:34.073  2426  2426 I Telephony: TelecomAccountRegistry$AccountEntry: isRttCurrentlySupported -- regular acct,, hasVoiceAvailability: false, isRttSupported: false, alwaysAllowWhileRoaming: false, isRoaming: false, isOnWfc: false
04-09 05:19:34.073  2426  2426 I Telephony: TelecomAccountRegistry$AccountEntry: isRttCurrentlySupported -- regular acct,, hasVoiceAvailability: true, isRttSupported: false, alwaysAllowWhileRoaming: false, isRoaming: false, isOnWfc: false
04-09 05:19:34.073  2426  2426 V PhoneGlobals: handleServiceStateChanged
04-09 05:19:34.073  2426  2426 D NotificationMgr: updateNetworkSelection, Use Samsung codes instead of AOSP codes
04-09 05:19:34.073  2426  2426 V PhoneGlobals: subId=7, mDefaultDataSubId=1, ss roaming=false
04-09 05:19:34.074  2893  3142 I ConfigProvider: queryStorage path content://com.samsung.rcs.autoconfigurationprovider/parameter/version#simslot0
04-09 05:19:34.076  2893  3142 I RegiGvnRcs: isReadyToRegister: User don't try RCS service yet
04-09 05:19:34.076  2893  3142 I RegiMgr<0>: [Global GC RCS|IDLE] checkForTryRegister: isReadyToRegister = false
04-09 05:19:34.076  2893  3142 I GeolocationCon: handleMessage : what = SERVICE_STATE_CHANGED
04-09 05:19:34.077  2893  3142 I GeolocationCon: matchTimingReqLocation ,match=0, timing=4
04-09 05:19:34.077  2893  3142 I GeolocationCon: profile is null
04-09 05:19:34.077  2893  3142 I GeolocationCon<0>: getLastAccessedNetworkCountryIso: Not accessed yet
04-09 05:19:34.077  2893  3142 I RegiMgr-Handler: handleMessage: EVENT_DO_PENDING_UPDATE_REGISTRATION
04-09 05:19:34.077  2448  2448 W View    : requestLayout() improperly called by android.widget.FrameLayout{fb82b5b V.E...... ......ID 0,146-1080,2361 #7f0a0846 app:id/qs_frame} during layout: running second layout pass
04-09 05:19:34.078  2448  2448 D StatusBarIconController: ignoring old pipeline callbacks, because the new mobile icons are enabled
04-09 05:19:34.131  7976  7976 I HBD     : g onCapabilityChanged  setNetworkState currentNetworkState : wifi 
04-09 05:19:34.373  1368  3573 D FreecessController: com.whatsapp(10410) is important[18]
04-09 05:19:34.533   548  4146 I NearbySharing: Network state changed: NetworkState(isRestricted=false, isOnline=true, isCongested=false, isMetered=false, isWifiConnected=true)
04-09 05:19:34.574  3976  4068 D TrafficStats: tagSocket(180) with statsTag=0x4, statsUid=-1
04-09 05:19:34.635  1368  2106 D CompatibilityChangeReporter: Compat change id reported: 265195908; UID 10410; state: ENABLED
04-09 05:19:34.889  1049 25625 I sensors-hal: handle_sns_std_sensor_event:231, [SSC_LIGHT] P: 46(47),als:249,green:70,ir:0,delta_avg:0,delta_max:185,stdev:2,stdev_per_4sample:4,magig_code or itime:384
04-09 05:19:34.993  1047  1047 I android.hardware.health@2.1-service-samsung: updateLrpSysfs: write: 373
04-09 05:19:34.995  1368  2220 D BatteryService: Sending ACTION_BATTERY_CHANGED: level:100, status:2, health:2, remain:0, ac:false, usb:true, wireless:false, pogo:false, misc:0xf0000, charge_type:1, charger_type:1, voltage:4190, temperature:357, online:19, charging_status:0, cycle_count:0, current_avg:851, ps:false, hvc:true, capacity:280000, current_event:0x8000, current_now:824, mcc:0, mcv:0, cc:4500000, present:true, scale:100, technology:Li-ion
04-09 05:19:35.007  1368  2346 I DeviceBatteryInfoService: action: android.intent.action.BATTERY_CHANGED
04-09 05:19:35.007  1368  2346 I DeviceBatteryInfoService: phone battery level: 100
04-09 05:19:35.007  1368  2346 I DeviceBatteryInfoService: phone battery status: 2
04-09 05:19:35.009  2448  2448 I AODBatteryManager: updateBatteryData: ACTION_BATTERY_CHANGED
04-09 05:19:35.009  1368  2190 D MotionRecognitionService: [SAR]  onReceive : ACTION_BATTERY_CHANGED, Plugged: 2
04-09 05:19:35.010  2448  2448 I AODBatteryManager: saveBatteryData : AOD BatteryData [mBatteryLevel=100, mBatteryStatus=CHARGING, mBatteryPlugType=USB, mBatteryPlugged=true, mRemainingChargeTime=0, mBatteryChargingType=2, mBatteryChargerType=FAST, mBatteryOnline=NOT_DEFINED, mBatterySwellingMode=NONE, mBatteryProtectMode=false, mBatteryProtectModeType=2, mSleepChargingEvent=null, mSleepChargingEventFinishTime=null]
04-09 05:19:35.010  2448  2448 D SamsungBatteryMeterDrawable: onBatteryLevelChanged isSomethingChanged: false
04-09 05:19:35.010  2426  2426 D SemBigDataInfoController: Intent: android.intent.action.BATTERY_CHANGED
04-09 05:19:35.010  2426  2426 D SemBigDataInfoController: Intent: android.intent.action.BATTERY_CHANGED
04-09 05:19:35.010  2448  2448 D SamsungBatteryMeterDrawable: onBatteryLevelChanged isSomethingChanged: false
04-09 05:19:35.010  2448  2448 D SamsungBatteryMeterDrawable: onBatteryLevelChanged isSomethingChanged: false
04-09 05:19:35.010  2448  2448 I PowerUI : mBootCompleted = true |  mFullyConnected = true
04-09 05:19:35.010  2448  2448 I PowerUI : BATTERY_HEALTH_CHECK extraHealth=2 mBatteryMiscEvent=983040
04-09 05:19:35.010  2448  2448 W PowerUI : Plug reason
04-09 05:19:35.010  2448  2448 W PowerUI : Skip charging animation - by plug status
