04-09 05:19:21.395  2448  2448 D StatusBarIconController: ignoring old pipeline callback because the new wifi icon is enabled
04-09 05:19:21.420  1144  1198 I VSyncReactor: Current= 120, Period= 120, hwcPeriod= 120
04-09 05:19:21.427  1368  7625 D CompatibilityChangeReporter: Compat change id reported: 261072174; UID 1000; state: ENABLED
04-09 05:19:21.452  1049 25625 I sensors-hal: handle_sns_std_sensor_event:231, [SSC_LIGHT] P: 45(45),als:248,green:70,ir:0,delta_avg:0,delta_max:187,stdev:2,stdev_per_4sample:4,magig_code or itime:384
04-09 05:19:21.699   702   702 D io_stats: !@   8,0 r 34200125 819010240 w 8864751 120351932 d 2887975 182849312 f 0 0 iot 15548732 0 th 0 0 0 pt 0 inp 0 0 143880.854
04-09 05:19:21.700   702   702 D io_stats: !@ Read_top(KB): o.android.imoim(1434) 172
04-09 05:19:21.700   702   702 D io_stats: !@ Write_top(KB): kworker/u16:12(15987) 348 ndroid.game.gos(3843) 80 com.whatsapp(3976) 16
04-09 05:19:22.409  1049 25625 I sensors-hal: handle_sns_std_sensor_event:231, [SSC_LIGHT] P: 45(45),als:248,green:70,ir:0,delta_avg:0,delta_max:186,stdev:2,stdev_per_4sample:3,magig_code or itime:384
04-09 05:19:22.774  1368  2106 W ProcessStats: Tracking association SourceState{59f2e89 system/1000 Persist #1288267} whose proc state 0 is better than process ProcessState{f24fd00 com.google.android.providers.media.module/10283 pkg=com.google.android.providers.media.module} proc state 1 (21 skipped)
04-09 05:19:22.965   708  4053 I keystore2: system/security/keystore2/src/watchdog.rs:319 - Watchdog thread idle -> terminating. Have a great day.
04-09 05:19:23.370  1049 25625 I sensors-hal: handle_sns_std_sensor_event:231, [SSC_LIGHT] P: 45(45),als:248,green:70,ir:0,delta_avg:0,delta_max:185,stdev:1,stdev_per_4sample:4,magig_code or itime:384
04-09 05:19:23.700   702   702 D io_stats: !@   8,0 r 34200125 819010240 w 8864849 120352408 d 2888048 182849896 f 0 0 iot 15548784 0 th 0 0 0 pt 0 inp 0 0 143882.854
04-09 05:19:23.887  1368  2243 W DeviceStorageMonitorService: updateBroadcasts(/data) oldLevel:0, newLevel:0, seq:1
04-09 05:19:23.888  1368  2243 D DeviceStorageMonitorService: Available File Node Number is [13124177]
04-09 05:19:23.888  1368  2243 W DeviceStorageMonitorService: updateBroadcasts_filenode(/data) fn_oldLevel:0, fn_newLevel:0, seq:1
04-09 05:19:24.330  1049 25625 I sensors-hal: handle_sns_std_sensor_event:231, [SSC_LIGHT] P: 45(45),als:248,green:70,ir:0,delta_avg:0,delta_max:186,stdev:2,stdev_per_4sample:4,magig_code or itime:384
04-09 05:19:24.368  1368  3573 D FreecessController: com.whatsapp(10410) is important[18]
04-09 05:19:24.406  1368  3697 D SemWifiUsabilityStatsMonitor: onWifiUsabilityStats - seqNum 21868, isSameBssidAndFreq true
04-09 05:19:24.410  2448  2448 D StatusBarIconController: ignoring old pipeline callback because the new wifi icon is enabled
04-09 05:19:24.575  1368  2331 D WifiConnectivityMonitor: Stop WCM Poll. cnt : 5
04-09 05:19:24.575  1368  2331 I WifiConnectivityMonitor: LinkQualityMonitorCallback was not registered yet
04-09 05:19:24.937  1047  1047 I android.hardware.health@2.1-service-samsung: updateLrpSysfs: write: 376
04-09 05:19:24.939  1368  2408 D BatteryService: Sending ACTION_BATTERY_CHANGED: level:100, status:2, health:2, remain:0, ac:false, usb:true, wireless:false, pogo:false, misc:0xf0000, charge_type:1, charger_type:1, voltage:4191, temperature:357, online:19, charging_status:0, cycle_count:0, current_avg:839, ps:false, hvc:true, capacity:280000, current_event:0x8000, current_now:841, mcc:0, mcv:0, cc:4500000, present:true, scale:100, technology:Li-ion
04-09 05:19:24.949  1368  2346 I DeviceBatteryInfoService: action: android.intent.action.BATTERY_CHANGED
04-09 05:19:24.949  1368  2346 I DeviceBatteryInfoService: phone battery level: 100
04-09 05:19:24.949  1368  2346 I DeviceBatteryInfoService: phone battery status: 2
04-09 05:19:24.952  1368  2190 D MotionRecognitionService: [SAR]  onReceive : ACTION_BATTERY_CHANGED, Plugged: 2
04-09 05:19:24.953  2448  2448 I AODBatteryManager: updateBatteryData: ACTION_BATTERY_CHANGED
04-09 05:19:24.953  2426  2426 D SemBigDataInfoController: Intent: android.intent.action.BATTERY_CHANGED
04-09 05:19:24.954  1368  1368 D AdaptiveBrightnessLongtermModelBuilder: Received android.intent.action.BATTERY_CHANGED
04-09 05:19:24.954 15520 15520 I [SCPMV2][SystemMonitorReceiver]: onReceive: android.intent.action.BATTERY_CHANGED
04-09 05:19:24.955  2448  2448 I AODBatteryManager: saveBatteryData : AOD BatteryData [mBatteryLevel=100, mBatteryStatus=CHARGING, mBatteryPlugType=USB, mBatteryPlugged=true, mRemainingChargeTime=0, mBatteryChargingType=2, mBatteryChargerType=FAST, mBatteryOnline=NOT_DEFINED, mBatterySwellingMode=NONE, mBatteryProtectMode=false, mBatteryProtectModeType=2, mSleepChargingEvent=null, mSleepChargingEventFinishTime=null]
04-09 05:19:24.955  2448  2448 D SamsungBatteryMeterDrawable: onBatteryLevelChanged isSomethingChanged: false
04-09 05:19:24.955  2448  2448 D SamsungBatteryMeterDrawable: onBatteryLevelChanged isSomethingChanged: false
04-09 05:19:24.955  2448  2448 D SamsungBatteryMeterDrawable: onBatteryLevelChanged isSomethingChanged: false
04-09 05:19:24.955  2426  2426 D SemBigDataInfoController: Intent: android.intent.action.BATTERY_CHANGED
04-09 05:19:24.956  2448  2448 I PowerUI : mBootCompleted = true |  mFullyConnected = true
04-09 05:19:24.956  2448  2448 I PowerUI : BATTERY_HEALTH_CHECK extraHealth=2 mBatteryMiscEvent=983040
04-09 05:19:24.956  2448  2448 W PowerUI : Plug reason
04-09 05:19:24.956  2448  2448 W PowerUI : Skip charging animation - by plug status
04-09 05:19:24.956  2448  2448 D PowerUI : priorPlugType = 2 mPlugType = 2 priorBatteryStatus = 2 mBatteryStatus = 2
04-09 05:19:24.956  2448  2448 W PowerUI : Plug reason
04-09 05:19:24.956  2448  2448 W PowerUI : Skip charging sound - by plug status
04-09 05:19:24.956  2448  2448 I PowerUI : oldMisalign : false, curMisalign : false
04-09 05:19:24.957  2448 14784 D SecPowerUI.Notification: dismissing low battery warning: level=100
04-09 05:19:24.957  2448 14784 D SecPowerUI.Notification: updateNotification mWarning=false mPlaySound=false
04-09 05:19:24.957  2448 14784 D SecPowerUI.Notification: SecBatteryStatsSnapshot{batteryLevel=100, currentBatteryMode=0, chargingTime=0, chargingType=11, batteryHealth=2, automaticTestMode=false, isHiccupState=false, optChargingFinishTime=}
04-09 05:19:24.957  2448  2448 D SecPowerUI.Notification: showChargingNotice oldChargingType : 11 / currentChargingType : 11, oldChargingTime : 0 / mChargingTime : 0
04-09 05:19:24.957  2448  2448 D SecPowerUI.Notification: showChargingNotice There is no change about charging status, so return!
04-09 05:19:24.957  2448  2448 D PowerUI : Battery swelling mode - priorBatterySwellingMode = 0 mBatterySwellingMode = 0 mBatteryStatus = 2
04-09 05:19:24.957  2448  2448 I PowerUI : mBatteryMiscEvent = 983040
04-09 05:19:24.957  2448  2448 I PowerUI : checkBatteryProtectionNotification : 2, pb value : 3, plugType : 2, level : 100
04-09 05:19:24.957  2448  2448 D SecPowerUI.Notification: SecBatteryStatsSnapshot{batteryLevel=100, currentBatteryMode=0, chargingTime=0, chargingType=11, batteryHealth=2, automaticTestMode=false, isHiccupState=false, optChargingFinishTime=}
04-09 05:19:24.958  2448 14784 D SecPowerUI.Notification: 1. restoreScreenTimeOut - saved_value : :
04-09 05:19:24.958  2448 14784 E SecPowerUI.Notification: no saved value, so we do nothing !!
04-09 05:19:24.958  2448  2448 D KeyguardUpdateMonitor: handleBatteryUpdate
04-09 05:19:25.292  1049 25625 I sensors-hal: handle_sns_std_sensor_event:231, [SSC_LIGHT] P: 45(45),als:248,green:70,ir:0,delta_avg:0,delta_max:187,stdev:2,stdev_per_4sample:3,magig_code or itime:384
04-09 05:19:25.701   702   702 D io_stats: !@   8,0 r 34200125 819010240 w 8864883 120352828 d 2888055 182849948 f 0 0 iot 15548800 0 th 0 0 0 pt 0 inp 0 0 143884.855
04-09 05:19:25.701   702   702 D io_stats: !@ Write_top(KB): kworker/u16:0(25403) 316 com.whatsapp(3976) 228
04-09 05:19:26.252  1049 25625 I sensors-hal: handle_sns_std_sensor_event:231, [SSC_LIGHT] P: 45(46),als:248,green:70,ir:0,delta_avg:0,delta_max:185,stdev:2,stdev_per_4sample:3,magig_code or itime:384
04-09 05:19:26.634  1049 25643 I sensors-hal: handle_sns_client_event:123, auto_rotation_event_2: mode:255, type:1:0/-2.075,0.110,8.751, ar:0
04-09 05:19:26.646 18788 18788 I [GR]_BackTapAccelerometer: nMinorPeaks = 3
04-09 05:19:26.646 18788 18788 I [GR]_BackTapAccelerometer: Rejecting window since the number of minor peaks : 3
04-09 05:19:27.048   548  4145 I NearbyMediums: Found Fast Ble Advertisements :
04-09 05:19:27.048   548  4145 I NearbyMediums: BleAdvertisement { version=2, socketVersion=2, isFast=true, serviceIdHash=null, data=[ 0x23 0x47 0x5a 0x43 0x51 0x11 0x32 0xcc 0xcb 0x0a 0xb1 0x9d 0xa6 0x3c 0xe0 0x4b 0xe1 0x6d 0x11 0x48 0x3e 0x89 0x5a ], deviceToken=[ 0xde 0x16 ], rxAdvertisement=null } : 1 times.
04-09 05:19:27.048   548  4145 I NearbyMediums: Total 1 fast advertisements from 1 unique advertisers.
04-09 05:19:27.049   548  4145 I NearbyMediums: Current Tracked Scanning Clients are : {NearbyConnections.EnvironmentMonitor, NearbySharing, NearbyConnections.TxAdvertisement}
04-09 05:19:27.210  1049 25625 I sensors-hal: handle_sns_std_sensor_event:231, [SSC_LIGHT] P: 45(45),als:249,green:70,ir:0,delta_avg:0,delta_max:186,stdev:2,stdev_per_4sample:3,magig_code or itime:384
04-09 05:19:27.421  1368  3697 D SemWifiUsabilityStatsMonitor: onWifiUsabilityStats - seqNum 21869, isSameBssidAndFreq true
04-09 05:19:27.426  2448  2448 D StatusBarIconController: ignoring old pipeline callback because the new wifi icon is enabled
04-09 05:19:27.456  1144  1198 I VSyncReactor: Current= 120, Period= 120, hwcPeriod= 120
04-09 05:19:27.512 18788 18788 I [GR]_BackTapAccelerometer: nMinorPeaks = 1
04-09 05:19:27.513 18788 18788 I [GR]_BackTapAccelerometer: Model detected FalseTap at T : 293154173406181 with confidence : 0.98321116
04-09 05:19:27.702   702   702 D io_stats: !@   8,0 r 34200127 819010300 w 8864883 120352828 d 2888055 182849948 f 0 0 iot 15548808 0 th 0 0 0 pt 0 inp 0 0 143886.856
04-09 05:19:27.774  1485  1674 D SemNativeCarrierFeature_vendor: getInstance
04-09 05:19:27.775  1485  1674 D SemNativeCarrierFeature_vendor: getInstance
04-09 05:19:27.780  1368  2295 D SemCellularStateManager: onSignalStrengthsChanged: mCellularSignalLevel=0
04-09 05:19:27.782  2448  2448 D MobileSignalTransitionManager: updateSignalTransition
04-09 05:19:27.784  2448  2448 D StatusBarIconController: ignoring old pipeline callbacks, because the new mobile icons are enabled
04-09 05:19:27.788  1485  1674 D SemNativeCarrierFeature_vendor: getInstance
04-09 05:19:27.788  1485  1674 D SemNativeCarrierFeature_vendor: getInstance
04-09 05:19:27.790  2893  3216 E GlobalSettingsRepoBase: globalgcsettings No matched key : support_ssac_nr
04-09 05:19:27.790  2893  3216 I VolteServiceModule: onBarringInfoChanged: barringInfo BarringInfo {mCellIdentity=CellIdentityWcdma:{ mLac=3***1 mCid=1****91 mPsc=475 mUarfcn=0 mMcc=410 mMnc=03 mAlphaLong= mAlphaShort= mAdditionalPlmns={} mCsgInfo=null}, mBarringServiceInfos={0={isBarred: false (type: 0, isConditionally: false), factor: 0, timeseconds: 0}, 1={isBarred: false (type: 0, isConditionally: false), factor: 0, timeseconds: 0}, 2={isBarred: false (type: 0, isConditionally: false), factor: 0, timeseconds: 0}, 3={isBarred: false (type: 0, isConditionally: false), factor: 0, timeseconds: 0}, 4={isBarred: false (type: 0, isConditionally: false), factor: 0, timeseconds: 0}, 5={isBarred: false (type: 0, isConditionally: false), factor: 0, timeseconds: 0}, 6={isBarred: false (type: 0, isConditionally: false), factor: 0, timeseconds: 0}, 7={isBarred: false (type: 0, isConditionally: false), factor: 0, timeseconds: 0}, 8={isBarred: false (type: 0, isConditionally: false), factor: 0, timeseconds: 0}, 9={isBarred: false (type: 0, isConditionally: false), factor: 0, timeseconds: 0}}} uacConvertSsac false
04-09 05:19:27.790  2893  3216 I SsacInfo: voiceBarringInfo mConditionalBarringFactor:0 mConditionalBarringTimeSeconds:0
04-09 05:19:27.790  2893  3216 I SsacInfo: videoBarringInfo mConditionalBarringFactor:0 mConditionalBarringTimeSeconds:0
04-09 05:19:27.790  2893  3216 I SsacManager<0>: updateSSACInfo : Voice(100:0) Video(100:0)
04-09 05:19:27.790  2893  3216 I SsacManager<0>: Voice Call: updateSSACInfo : f[100], t[0]
04-09 05:19:27.790  2893  3216 I SsacManager<0>: Video Call: updateSSACInfo : f[100], t[0]
04-09 05:19:27.793  1368  2295 D SemCellularStateManager: onSignalStrengthsChanged: mCellularSignalLevel=2
04-09 05:19:27.794  2448  2448 D MobileSignalTransitionManager: updateSignalTransition
04-09 05:19:27.797  2665  2706 I EPDG -- SIM0 IwlanNetworkService: requestNetworkRegistrationInfo for domain 2
04-09 05:19:27.797  2448  2448 D StatusBarIconController: ignoring old pipeline callbacks, because the new mobile icons are enabled
04-09 05:19:27.798  2665  2793 I EPDG -- SIM0 IwlanNetworkService: Calling onRequestNetworkRegistrationInfoComplete.resultCode = 0, netState = NetworkRegistrationInfo{ domain=PS transportType=WLAN registrationState=UNKNOWN networkRegistrationState=UNKNOWN roamingType=NOT_ROAMING accessNetworkTechnology=IWLAN rejectCause=0 emergencyEnabled=false availableServices=[] cellIdentity=null voiceSpecificInfo=null dataSpecificInfo=null nrState=**** rRplmn= isUsingCarrierAggregation=false}
04-09 05:19:27.799  1485  1736 D SemNativeCarrierFeature_vendor: getInstance
04-09 05:19:27.801  1368  2295 D SemCellularStateManager: onSignalStrengthsChanged: mCellularSignalLevel=1
04-09 05:19:27.803  1485  1736 D SemNativeCarrierFeature_vendor: getInstance
04-09 05:19:27.804  2448  2448 D StatusBarIconController: ignoring old pipeline callbacks, because the new mobile icons are enabled
04-09 05:19:27.807  1368  2234 D ConnectivityService: notifyType CALLBACK_CAP_CHANGED for [536 CELLULAR]
04-09 05:19:27.809  7976  8579 I HBD     : g onCapabilitiesChanged network : 536 current network state : wifi 
04-09 05:19:27.813  2426  2426 D DataNetwork: getCallStateForSlot 0
04-09 05:19:27.815  1368  2234 D ConnectivityService: notifyType CALLBACK_CAP_CHANGED for [535 CELLULAR]
04-09 05:19:27.816  1368  2295 D SemCellularStateManager: onCellInfoChanged: cellInfoList Number of cell: 1
04-09 05:19:27.816  1368  2295 D SemCellularStateManager: onCellInfoChanged: Registered = true, mCellularCellId = 1065791
04-09 05:19:27.816  2893  2893 I TelephonyCallbackForPdnController<0>: onCellInfoChanged: xxxxx
04-09 05:19:27.816  2893  3189 I PdnController<1>: onCapabilitiesChanged: network 535 networkCapabilities [ Transports: CELLULAR Capabilities: IMS&NOT_METERED&TRUSTED&NOT_VPN&VALIDATED&NOT_ROAMING&FOREGROUND&NOT_CONGESTED&NOT_SUSPENDED&NOT_VCN_MANAGED&MMTEL LinkUpBandwidth>=3681Kbps LinkDnBandwidth>=3681Kbps Specifier: <TelephonyNetworkSpecifier [mSubId = 1]> SubscriptionIds: {1} UnderlyingNetworks: Null]
04-09 05:19:27.816  2893  2893 I ImsCallSessionManager: onCellInfoChanged, phoneId: 0
04-09 05:19:27.816  2893  3142 I RegiMgr-Handler: handleMessage: EVENT_CELL_INFO_CHANGED
04-09 05:19:27.816  2893  3142 I RegiMgr<0>: tryRegister:
04-09 05:19:27.817  2893  3142 I RegiMgr<0>: RegisterTask(s): SamsungCMC_PD (IDLE), Global GC RCS (IDLE)
04-09 05:19:27.817  2893  3142 I RegiMgr<1>: RegisterTask(s): SamsungCMC_PD (IDLE), Zong Pakistan VoLTE (REGISTERED, rat = 13, service = [mmtel-video, smsip, mmtel]), Global GC RCS (IDLE)
04-09 05:19:27.817  2893  3142 I RcsPolicyMgr<0>: pendingRcsRegister: mActiveDataPhoneId = 1
04-09 05:19:27.817  2893  3142 I RegisterTask: isSuspended: mSuspended(false) mSuspendByIrat(false)
04-09 05:19:27.817  2893  3142 I RegiMgr<0>: [SamsungCMC_PD|IDLE] checkForTryRegister id: 10000
04-09 05:19:27.817  2893  3142 I RegiMgr : isPdnConnected: false, PdnType: 0
04-09 05:19:27.818  2893  3142 I PdnController: getDefaultNetworkBearer:  WIFI
04-09 05:19:27.818  2893  3142 I RegiMgr-Utils<0>: findBestNetwork: WIFI needWifiNetwork = true
04-09 05:19:27.818  1368  2234 D ConnectivityService: notifyType CALLBACK_CAP_CHANGED for [536 CELLULAR]
04-09 05:19:27.820  7976  8579 I HBD     : g onCapabilitiesChanged network : 536 current network state : wifi 
04-09 05:19:27.823  1368  2234 D ConnectivityService: notifyType CALLBACK_CAP_CHANGED for [535 CELLULAR]
04-09 05:19:27.824  2893  3189 I PdnController<1>: onCapabilitiesChanged: network 535 networkCapabilities [ Transports: CELLULAR Capabilities: IMS&NOT_METERED&TRUSTED&NOT_VPN&VALIDATED&NOT_ROAMING&FOREGROUND&NOT_CONGESTED&NOT_SUSPENDED&NOT_VCN_MANAGED&MMTEL LinkUpBandwidth>=1914Kbps LinkDnBandwidth>=7873Kbps Specifier: <TelephonyNetworkSpecifier [mSubId = 1]> SubscriptionIds: {1} UnderlyingNetworks: Null]
04-09 05:19:27.826  2893  3142 I RegiGvnBase<0>: isReadyToDualRegister: slot 1's call state: 0
04-09 05:19:27.826  2893  3142 I RegiGvnBase<0>: isReadyToDualRegister : true
04-09 05:19:27.828  2893  3142 I RegiMgr<0>: [SamsungCMC_PD|IDLE] checkInitialRegistrationIsReady: APM ON [false], Roamimg [false]
04-09 05:19:27.828  2893  3142 I RcsPolicyMgr<0>: pendingRcsRegister: mActiveDataPhoneId = 1
04-09 05:19:27.828  2893  3142 I ImsProfile: isRttSupportByCallApp : false ttyType : 1
04-09 05:19:27.828  2893  3142 I RegiMgr-Utils<0>: getPriorityRegiedTask : isPriority  High? true
04-09 05:19:27.831  2893  3142 I CmcAccountManager: hasSecondaryDevice : no SD with current PD
04-09 05:19:27.831  2893  3142 I RegiMgr<0>: [SamsungCMC_PD|IDLE] checkForTryRegister: isReadyToRegister = false
04-09 05:19:27.831  2893  3142 I RcsPolicyMgr<0>: pendingRcsRegister: mActiveDataPhoneId = 1
04-09 05:19:27.831  2893  3142 I RegisterTask: isSuspended: mSuspended(false) mSuspendByIrat(false)
04-09 05:19:27.831  2893  3142 I RegiMgr<0>: [Global GC RCS|IDLE] checkForTryRegister id: 1173
04-09 05:19:27.831  2893  3142 I RegiMgr : isPdnConnected: false, PdnType: 0
04-09 05:19:27.832  2893  3142 I PdnController: getDefaultNetworkBearer:  WIFI
04-09 05:19:27.832  2893  3142 I RegiMgr-Utils<0>: findBestNetwork: WIFI needWifiNetwork = true
04-09 05:19:27.833  2893  3142 I RegiGvnBase<0>: isReadyToDualRegister: slot 1's call state: 0
04-09 05:19:27.833  2893  3142 I RegiGvnBase<0>: isReadyToDualRegister : true
04-09 05:19:27.835  1368  1368 D SemWifiService: onServiceStateChanged : state - 1, dataNetworkType : 13
04-09 05:19:27.835  2893  3142 I RegiMgr<0>: [Global GC RCS|IDLE] checkInitialRegistrationIsReady: APM ON [false], Roamimg [false]
04-09 05:19:27.835  2893  3142 I RcsPolicyMgr<0>: pendingRcsRegister: mActiveDataPhoneId = 1
04-09 05:19:27.835  2893  3142 I ImsProfile: isRttSupportByCallApp : false ttyType : 1
04-09 05:19:27.835  2893  3142 I RegiMgr-Utils<0>: getPriorityRegiedTask : isPriority  High? true
04-09 05:19:27.836  2893  3142 I RegiGvnBase: checkRegiStatus: getState()=IDLE mIsUpdateRegistering=false
04-09 05:19:27.836  2893  3142 I RegiMgr<0>: getTelephonyCallStatus:
04-09 05:19:27.836  1038  1038 V sec_audio_hw: sec_dev_set_parameters : l_call_2g_tdma=false
04-09 05:19:27.836  1038  1038 D audio_hw_primary: adev_set_parameters: enter: l_call_2g_tdma=false
04-09 05:19:27.836  1038  1038 V audio_hw_sec: sec_set_parameters: enter
04-09 05:19:27.836  1038  1038 D audio_hw_primary: adev_set_parameters: exit with code(0)
04-09 05:19:27.837  2893  3142 I ConfigProvider: query uri:xxxxx
04-09 05:19:27.839  1368  2295 W SemWifiBackOff.Fcc: service state is STATE_OUT_OF_SERVICE telephony country iso: pk
04-09 05:19:27.840  2893  3142 I ConfigProvider: queryStorage path content://com.samsung.rcs.autoconfigurationprovider/parameter/version#simslot0
04-09 05:19:27.842  1368  2295 V SemWifiBackOff.5G: checkAndSetup nrFrequencyRange=0 / prevNrFrequencyRange=0
04-09 05:19:27.842  1368  2295 V SemWifiBackOff.5G: restore back off mode, current: [NONE]
04-09 05:19:27.842  2893  3142 I RegiGvnRcs: isReadyToRegister: User don't try RCS service yet
04-09 05:19:27.842  2893  3142 I RegiMgr<0>: [Global GC RCS|IDLE] checkForTryRegister: isReadyToRegister = false
04-09 05:19:27.854  1368  7032 I LocationAccessPolicy: com.android.systemui is aware of fine but the app-ops permission is specifically denied.
04-09 05:19:27.854  1368  7032 I LocationAccessPolicy: checkLocationPermission - callingUid: 10046, callingPid: 2448, resultForFine: DENIED_SOFT
04-09 05:19:27.854  1368  7032 I LocationAccessPolicy: com.android.systemui is aware of coarse but the app-ops permission is specifically denied.
04-09 05:19:27.855  1368  7032 I LocationAccessPolicy: checkLocationPermission - callingUid: 10046, callingPid: 2448, resultForCoarse: DENIED_SOFT
04-09 05:19:27.856  1368  7032 I LocationAccessPolicy: com.android.systemui is aware of fine but the app-ops permission is specifically denied.
04-09 05:19:27.856  1368  7032 I LocationAccessPolicy: checkLocationPermission - callingUid: 10046, callingPid: 2448, resultForFine: DENIED_SOFT
04-09 05:19:27.857  1368  7032 I LocationAccessPolicy: com.android.systemui is aware of coarse but the app-ops permission is specifically denied.
04-09 05:19:27.857  1368  7032 I LocationAccessPolicy: checkLocationPermission - callingUid: 10046, callingPid: 2448, resultForCoarse: DENIED_SOFT
04-09 05:19:27.858  1368  7032 I LocationAccessPolicy: com.android.systemui is aware of fine but the app-ops permission is specifically denied.
04-09 05:19:27.858  1368  7032 I LocationAccessPolicy: checkLocationPermission - callingUid: 10046, callingPid: 2448, resultForFine: DENIED_SOFT
04-09 05:19:27.858  1368  1368 D SemWifiApServiceImpl: onServiceStateChanged : 1dataNetworkType : 13
04-09 05:19:27.858  1368  1368 W NSLocationMonitor: onServiceStateChanged, state=1 / channel=2147483647
04-09 05:19:27.858  1368  1368 I NSLocationMonitor: networkType[13]=LTE / nrState=false
04-09 05:19:27.858  1368  7032 I LocationAccessPolicy: com.android.systemui is aware of coarse but the app-ops permission is specifically denied.
04-09 05:19:27.858  1368  7032 I LocationAccessPolicy: checkLocationPermission - callingUid: 10046, callingPid: 2448, resultForCoarse: DENIED_SOFT
04-09 05:19:27.858  1368  1368 W NSLocationMonitor: onServiceStateChanged, state=1 / channel=2147483647
04-09 05:19:27.858  1368  1368 I NSLocationMonitor: networkType[13]=LTE / nrState=false
04-09 05:19:27.859  1368  2697 D SLocation: CellLocationManager - onServiceStateChanged 1
04-09 05:19:27.859  2448  2448 D StatusBarIconController: ignoring old pipeline callbacks, because the new mobile icons are enabled
04-09 05:19:27.860  2893  3216 I VolteServiceModule: onServiceStateChanged({mVoiceRegState=1(OUT_OF_SERVICE), mDataRegState=1(OUT_OF_SERVICE), mChannelNumber=2147483647, duplexMode()=0, mCellBandwidths=[], mOperatorAlphaLong=, mOperatorAlphaShort=, isManualNetworkSelection=false(automatic), getRilVoiceRadioTechnology=3(UMTS), getRilDataRadioTechnology=14(LTE), mCssIndicator=unsupported, mNetworkId=*1, mSystemId=*1, mCdmaRoamingIndicator=-1, mCdmaDefaultRoamingIndicator=-1, VoiceRegType=0, Snap=0, PsOnly=false, FemtocellInd=0, SprDisplayRoam=false, OptRadioTech=0, MsimSubmode=0, IsVoiceCallAvailable=false, mIsEmergencyOnly=true, isUsingCarrierAggregation=false, mArfcnRsrpBoost=0, mNetworkRegistrationInfos=[NetworkRegistrationInfo{ domain=PS transportType=WLAN registrationState=UNKNOWN networkRegistrationState=UNKNOWN roamingType=NOT_ROAMING accessNetworkTechnology=IWLAN rejectCause=0 emergencyEnabled=false availableServices=[] cellIdentity=null voiceSpecificInfo=null dataSpecificInfo=null nrState=**** rRplmn= isUsingCarrierAggregation=false}, NetworkRegistrationInfo{ domain=CS transportType=WWAN registrationState=NOT_REG_SEARCHING networkRegistrationState=NOT_REG_SEARCHING roamingType=NOT_ROAMING accessNetworkTechnology=UMTS rejectCause=0 emergencyEnabled=true availableServices=[EMERGENCY] cellIdentity=CellIdentityWcdma:{ mLac=3***1 mCid=1****91 mPsc=475 mUarfcn=2147483647 mMcc=410 mMnc=03 mAlphaLong=Ufone mAlphaShort=Ufone mAdditionalPlmns={} mCsgInfo=null} voiceSpecificInfo=VoiceSpecificRegistrationInfo { mCssSupported=false mRoamingIndicator=0 mSystemIsInPrl=0 mDefaultRoamingIndicator=0} dataSpecificInfo=null nrState=**** rRplmn=41003 isUsingCarrierAggregation=false}, NetworkRegistrationInfo{ domain=PS transportType=WWAN registrationState=DENIED networkRegistrationState=DENIED roamingType=NOT_ROAMING accessNetworkTechnology=LTE rejectCause=0 emergencyEnabled=false availableServices=[] cellIdentity=CellIdentityLte:{ mCi=0 mPci=0 mTac=2147483647 mEarfcn=2147483647 mBands=[] mBandwidth=2147483647 mMcc=null mMnc=null mAlphaLong= mAlphaShort= mAdditionalPlmns={} mCsgInfo=null} voiceSpecificInfo=null dataSpecificInfo=android.telephony.DataSpecificRegistrationInfo :{ maxDataCalls = 16 isDcNrRestricted = false isNrAvailable = false isEnDcAvailable = false mLteAttachResultType = 0 mLteAttachExtraInfo = 0 LteVopsSupportInfo :  mVopsSupport = 1 mEmcBearerSupport = 1 } nrState=**** rRplmn= isUsingCarrierAggregation=false}], mNrFrequencyRange=0, mOperatorAlphaLongRaw=, mOperatorAlphaShortRaw=, mIsDataRoamingFromRegistration=false, mIsIwlanPreferred=false})
04-09 05:19:27.860  2893  3216 I VolteServiceModule: mIsLteEpsOnlyAttached(0):false
04-09 05:19:27.860  1368  7032 I LocationAccessPolicy: checkLocationPermission - callingUid: 10070, callingPid: 24810, resultForFine: DENIED_HARD
04-09 05:19:27.860  2448  2448 D MobileIconViewModel: [mobile] (0/7) connected=false dataConnected=false dataType=DefaultIcon(iconGroup=IconGroup(Unknown)) networkType=UNKNOWN simCard=ETC
04-09 05:19:27.860  1368  7032 I LocationAccessPolicy: checkLocationPermission - callingUid: 10070, callingPid: 24810, resultForCoarse: DENIED_HARD
04-09 05:19:27.860  2893  2893 I TelephonyCallbackForPdnController<0>: onServiceStateChanged: state={mVoiceRegState=1(OUT_OF_SERVICE), mDataRegState=1(OUT_OF_SERVICE), mChannelNumber=2147483647, duplexMode()=0, mCellBandwidths=[], mOperatorAlphaLong=, mOperatorAlphaShort=, isManualNetworkSelection=false(automatic), getRilVoiceRadioTechnology=3(UMTS), getRilDataRadioTechnology=14(LTE), mCssIndicator=unsupported, mNetworkId=*1, mSystemId=*1, mCdmaRoamingIndicator=-1, mCdmaDefaultRoamingIndicator=-1, VoiceRegType=0, Snap=0, PsOnly=false, FemtocellInd=0, SprDisplayRoam=false, OptRadioTech=0, MsimSubmode=0, IsVoiceCallAvailable=false, mIsEmergencyOnly=true, isUsingCarrierAggregation=false, mArfcnRsrpBoost=0, mNetworkRegistrationInfos=[NetworkRegistrationInfo{ domain=PS transportType=WLAN registrationState=UNKNOWN networkRegistrationState=UNKNOWN roamingType=NOT_ROAMING accessNetworkTechnology=IWLAN rejectCause=0 emergencyEnabled=false availableServices=[] cellIdentity=null voiceSpecificInfo=null dataSpecificInfo=null nrState=**** rRplmn= isUsingCarrierAggregation=false}, NetworkRegistrationInfo{ domain=CS transportType=WWAN registrationState=NOT_REG_SEARCHING networkRegistrationState=NOT_REG_SEARCHING roamingType=NOT_ROAMING accessNetworkTechnology=UMTS rejectCause=0 emergencyEnabled=true availableServices=[EMERGENCY] cellIdentity=CellIdentityWcdma:{ mLac=3***1 mCid=1****91 mPsc=475 mUarfcn=2147483647 mMcc=410 mMnc=03 mAlphaLong=Ufone mAlphaShort=Ufone mAdditionalPlmns={} mCsgInfo=null} voiceSpecificInfo=VoiceSpecificRegistrationInfo { mCssSupported=false mRoamingIndicator=0 mSystemIsInPrl=0 mDefaultRoamingIndicator=0} dataSpecificInfo=null nrState=**** rRplmn=41003 isUsingCarrierAggregation=false}, NetworkRegistrationInfo{ domain=PS transportType=WWAN registrationState=DENIED networkRegistrationState=DENIED roamingType=NOT_ROAMING accessNetworkTechnology=LTE rejectCause=0 emergencyEnabled=false availableServices=[] cellIdentity=CellIdentityLte:{ mCi=0 mPci=0 mTac=2147483647 mEarfcn=2147483647 mBands=[] mBandwidth=2147483647 mMcc=null mMnc=null mAlphaLong= mAlphaShort= mAdditionalPlmns={} mCsgInfo=null} voiceSpecificInfo=null dataSpecificInfo=android.telephony.DataSpecificRegistrationInfo :{ maxDataCalls = 16 isDcNrRestricted = false isNrAvailable = false isEnDcAvailable = false mLteAttachResultType = 0 mLteAttachExtraInfo = 0 LteVopsSupportInfo :  mVopsSupport = 1 mEmcBearerSupport = 1 } nrState=**** rRplmn= isUsingCarrierAggregation=false}], mNrFrequencyRange=0, mOperatorAlphaLongRaw=, mOperatorAlphaShortRaw=, mIsDataRoamingFromRegistration=false, mIsIwlanPreferred=false}Changed=EmcBsIndi:UNKNOWN=>NOT_SUPPORTED, VoiceNet:16=>3, Operator:41004=>41003
04-09 05:19:27.860  2893  2893 I PdnController<0>: notifyDataConnectionState
04-09 05:19:27.860  2893  2893 I PdnController<0>: initialize PendedEPDGWeakSignal flag
04-09 05:19:27.860  2893  2893 I PdnController<0>: setPendedEPDGWeakSignal
04-09 05:19:27.860  2893  2893 I PdnController<0>: notifyDataConnectionState: needNotify=true networkType=13 isEpdgConnected=false dataNetType=0=>13 dataRegState=1=>1
04-09 05:19:27.861  3464  3583 W NetworkManager_FLP: updateServiceStateChanged, serviceState=1 / isRegistered=true / channel=2147483647 / networkTypeName=LTE / nr=false
04-09 05:19:27.861  2665  6860 I EPDG -- SIM0 [NetController]: WWAN Voice Regi: 1 Roaming: 0
04-09 05:19:27.861  2665  6860 I EPDG -- SIM0 [NetController]: WWAN Data Regi: 1 Rat: 13 Roaming: false
04-09 05:19:27.861  3464  3583 I NetworkManager_FLP: Success to update networkStatus, Service=1 / Network=LTE(band=0, ch=2147483647) / MobileData=true, roaming=false / WIFI=true, conn=true / BT=true, conn=false
04-09 05:19:27.861  1368  7032 I LocationAccessPolicy: checkLocationPermission - callingUid: 10152, callingPid: 24401, resultForFine: DENIED_HARD
04-09 05:19:27.861  3464  3583 W NetworkManager_FLP: updateServiceStateChanged, serviceState=1 / isRegistered=true / channel=2147483647 / networkTypeName=LTE / nr=false
04-09 05:19:27.861  2893  2893 I ImsCallSessionManager: onDataConnectionStateChanged(): networkType [LTE]isWifiConnected [true], phoneId [0]
04-09 05:19:27.861  1368  7032 I LocationAccessPolicy: checkLocationPermission - callingUid: 10152, callingPid: 24401, resultForCoarse: DENIED_HARD
04-09 05:19:27.862  1368  7032 I LocationAccessPolicy: checkLocationPermission - callingUid: 9510152, callingPid: 24395, resultForFine: DENIED_HARD
04-09 05:19:27.862  1368  7032 I LocationAccessPolicy: checkLocationPermission - callingUid: 9510152, callingPid: 24395, resultForCoarse: DENIED_HARD
04-09 05:19:27.862  2893  2893 I RegiMgr-Handler<0>: onDataConnectionStateChanged(): networkType [LTE], isWifiConnected [true]
04-09 05:19:27.862  2665  6860 I EPDG -- SIM0 [NetController]: onNetworkStatusChanged: disable Epdg
04-09 05:19:27.862  2893  2893 E #IMSREGI: (0, GoogleGC_ALL) [LTE] LATCH(DataConnect changed) : 126431.321s
04-09 05:19:27.862  2893  2893 I TelephonyCallbackForPdnController<0>: notifySnapshotState: snapshotState=0 old=0
04-09 05:19:27.862  2893  3142 I RegiMgr-Handler: handleMessage: EVENT_NETWORK_TYPE
04-09 05:19:27.863  2893  3142 I RegiMgr-NetEvtCtr<0>: onNetworkChanged: suspendByIrat=false
04-09 05:19:27.863  2893  3142 I NetworkState: setAllCellInfo : Cleared by null set !!!!
04-09 05:19:27.863  1368  7032 W ContextImpl: Calling a method in the system process without a qualified user: android.app.ContextImpl.sendBroadcastMultiplePermissions:1331 android.content.Context.sendBroadcastMultiplePermissions:2480 com.android.server.TelephonyRegistry.broadcastServiceStateChanged:3657 com.android.server.TelephonyRegistry.notifyServiceStateForPhoneId:1753 com.android.internal.telephony.ITelephonyRegistry$Stub.onTransact:542 
04-09 05:19:27.863  1368  1399 W System  : A resource failed to call close. 
04-09 05:19:27.865  1368  7032 W ContextImpl: Calling a method in the system process without a qualified user: android.app.ContextImpl.sendBroadcastMultiplePermissions:1364 com.android.server.TelephonyRegistry.broadcastServiceStateChanged:3662 com.android.server.TelephonyRegistry.notifyServiceStateForPhoneId:1753 com.android.internal.telephony.ITelephonyRegistry$Stub.onTransact:542 android.os.Binder.execTransactInternal:1380 
04-09 05:19:27.865  2893  3142 I RegiMgr-NetEvtCtr<0>: onNetworkEventChanged:Changed Event: Network type(0=>13), Voice network(0=>3), isWifiConnected(false=> true), Operator(=>41003)
04-09 05:19:27.865  2893  3142 I VolteServiceModule: onNetworkChanged: NetworkEvent [network=13, voiceNetwork=3, voiceOverPs=UNKNOWN, outOfService=true, isDataRoaming=false, isVoiceRoaming=false, csOutOfService=true, isWifiConnected=true, isEpdgConnected=false, isEpdgAvailable=false, operatorNumeric=41003, isPsOnlyReg=false, isDataConnected=false]
04-09 05:19:27.865  2893  3142 E #IMSCR  : 04-09 05:19:27 0x30000009:0,0->13
04-09 05:19:27.866  2893  3142 I ImModule: updateFeatures: phoneId = 0
04-09 05:19:27.866  2893  3216 I VolteServiceModule: tryDisconnect(0) delay 100
04-09 05:19:27.866  2893  3142 I ImsServiceSwitchEur[0]:  isRcsEnabled: true mDefaultSms true mUpsmEnabled false mEmergencyEnabled false
04-09 05:19:27.866  2893  3142 I ImsServiceSwitchEur[0]:  isRcsEnabled: true mDefaultSms true mUpsmEnabled false mEmergencyEnabled false
04-09 05:19:27.866  1368  1368 D SemWifiService: received: android.intent.action.SERVICE_STATE
04-09 05:19:27.866  2893  3142 I ImsServiceSwitchEur[0]:  isRcsEnabled: true mDefaultSms true mUpsmEnabled false mEmergencyEnabled false
04-09 05:19:27.866  2893  3142 I ImsServiceSwitchEur[0]:  isRcsEnabled: true mDefaultSms true mUpsmEnabled false mEmergencyEnabled false
04-09 05:19:27.866  2893  3142 I ImsServiceSwitchEur[0]:  isRcsEnabled: true mDefaultSms true mUpsmEnabled false mEmergencyEnabled false
04-09 05:19:27.866  2893  3142 I ImsServiceSwitchEur[0]:  isRcsEnabled: true mDefaultSms true mUpsmEnabled false mEmergencyEnabled false
04-09 05:19:27.866  2893  3142 I ConfigProvider: query uri:xxxxx
04-09 05:19:27.866  1368  7032 W ContextImpl: Calling a method in the system process without a qualified user: android.app.ContextImpl.sendBroadcastMultiplePermissions:1364 com.android.server.TelephonyRegistry.broadcastServiceStateChanged:3671 com.android.server.TelephonyRegistry.notifyServiceStateForPhoneId:1753 com.android.internal.telephony.ITelephonyRegistry$Stub.onTransact:542 android.os.Binder.execTransactInternal:1380 
04-09 05:19:27.867  1368  7032 W ContextImpl: Calling a method in the system process without a qualified user: android.app.ContextImpl.sendBroadcastMultiplePermissions:1364 com.android.server.TelephonyRegistry.broadcastServiceStateChanged:3677 com.android.server.TelephonyRegistry.notifyServiceStateForPhoneId:1753 com.android.internal.telephony.ITelephonyRegistry$Stub.onTransact:542 android.os.Binder.execTransactInternal:1380 
04-09 05:19:27.868  2893  3142 I ConfigProvider: queryStorage path content://com.samsung.rcs.autoconfigurationprovider/parameter/geolocPushAuth#simslot0
04-09 05:19:27.869  2893  3142 I FeatureUpdater: isEnableGls: false
04-09 05:19:27.869  2893  3142 I ImsServiceSwitchEur[0]:  isRcsEnabled: true mDefaultSms true mUpsmEnabled false mEmergencyEnabled false
04-09 05:19:27.869  2893  3142 I FeatureUpdater: FEATURE_CHATBOT_EXTENDED_MSG enabled ver:1.3
04-09 05:19:27.869  2893  3142 I CapexInfo: getFeatureTag: features = 0 []
04-09 05:19:27.869  2893  3142 I FeatureUpdater: updateFeatures: 
04-09 05:19:27.869  2893  3142 I RcsUtils: isDualRcsReg: false
04-09 05:19:27.869  2893  3142 I CapabilityUtil<0>: onNetworkChanged: mAvailablePhoneId = ! phoneId
04-09 05:19:27.869  2893  3142 I SmsServiceModule: regInfo: null
04-09 05:19:27.869  2893  3142 I SmsServiceModule: disallow sms Service
04-09 05:19:27.869  2893  3142 I SmsServiceModule: Sms Service queryCapabilityStatus[0]: removeCapabilities CAPABILITY_TYPE_SMS
04-09 05:19:27.869  2893  3142 I CmcAccountManager: isSupportDualSimCMC: false
04-09 05:19:27.869  2893  3142 I CmcAccountManager: isSupportDualSimCMC: false
04-09 05:19:27.869  2893  3142 I CmcAccountManager: isSupportDualSimCMC: false
04-09 05:19:27.869  2893  3142 I CmcAccountManager: isSupportDualSimCMC: false
04-09 05:19:27.869  2893  3142 E CmcServiceHelper: disallow Call Service
04-09 05:19:27.869  2893  3142 I CmcAccountManager: isSupportDualSimCMC: false
04-09 05:19:27.869  2893  3142 I CmcAccountManager: isSupportDualSimCMC: false
04-09 05:19:27.869  2893  3142 I CmcAccountManager: isSupportDualSimCMC: false
04-09 05:19:27.869  2893  3142 I CmcAccountManager: isSupportDualSimCMC: false
04-09 05:19:27.869  2893  3142 E CmcServiceHelper: disallow Call Service
04-09 05:19:27.869  2893  3142 I CmcAccountManager: isSupportDualSimCMC: false
04-09 05:19:27.869  2893  3142 I CmcAccountManager: isSupportDualSimCMC: false
04-09 05:19:27.869  2893  3142 I CmcAccountManager: isSupportDualSimCMC: false
04-09 05:19:27.869  2893  3142 I CmcAccountManager: isSupportDualSimCMC: false
04-09 05:19:27.869  2893  3142 E CmcServiceHelper: disallow Call Service
04-09 05:19:27.869  2893  3142 E GlobalSettingsRepoBase: globalgcsettings No matched key : ss_domain_setting
04-09 05:19:27.869  2893  3142 I UtServiceModule<0>: isUtEnabled with policy : CS_ALWAYS enabled = false
04-09 05:19:27.869  2893  3142 I CapabilityDiscModule<0>: queryCapabilityStatus
04-09 05:19:27.869  2893  3142 E CapabilityUtil<0>: checkModuleReady: config is null
04-09 05:19:27.869  2893  3142 I CapabilityDiscModule<0>: isUceServiceAvailable: not ready
04-09 05:19:27.869  2893  3142 E CapabilityUtil<0>: checkModuleReady: config is null
04-09 05:19:27.869  2893  3142 I CapabilityDiscModule<0>: isUceServiceAvailable: not ready
04-09 05:19:27.869  2893  3142 I SecImsNotifier: slot[0]: updateCapabilities: capabilities=MmTel Capabilities - [Voice: false Video: false UT: false SMS: false CALL_COMPOSER: false]
04-09 05:19:27.870  2893  3142 I SecImsServiceConnector<0>: getMmTelFeatureImpl
04-09 05:19:27.870  2893  3142 E SecImsServiceConnector: connect to local SecImsService #1 attempt
04-09 05:19:27.870  2893  3142 I SecImsService: createMmTelFeatureForSubscription: slotId=0,subscriptionId=-1
04-09 05:19:27.870  2893  3142 I SecImsNotifier: slot[0]: updateRcsCapabilities: capabilities=Capabilities: 0
04-09 05:19:27.870  2893  3142 I SecImsServiceConnector<0>: getRcsFeatureImpl
04-09 05:19:27.870  2893  3142 E SecImsServiceConnector: connect to local SecImsService #1 attempt
04-09 05:19:27.870  2893  3142 I SecImsService: createRcsFeatureForSubscription: slotId=0,subscriptionId=-1
04-09 05:19:27.870  2893  3142 I RegiMgr-NetEvtCtr<0>: handleNetworkEventBeforeRegister: new network event=NetworkEvent [network=13, voiceNetwork=3, voiceOverPs=UNKNOWN, outOfService=true, isDataRoaming=false, isVoiceRoaming=false, csOutOfService=true, isWifiConnected=true, isEpdgConnected=false, isEpdgAvailable=false, operatorNumeric=41003, isPsOnlyReg=false, isDataConnected=false], old network event=NetworkEvent [network=0, voiceNetwork=0, voiceOverPs=UNKNOWN, outOfService=true, isDataRoaming=false, isVoiceRoaming=false, csOutOfService=true, isWifiConnected=false, isEpdgConnected=false, isEpdgAvailable=false, operatorNumeric=, isPsOnlyReg=false, isDataConnected=false]
04-09 05:19:27.870  2893  3142 I RegiMgr-NetEvtCtr<0>: handleNetworkEventBeforeRegister: new network event=NetworkEvent [network=13, voiceNetwork=3, voiceOverPs=UNKNOWN, outOfService=true, isDataRoaming=false, isVoiceRoaming=false, csOutOfService=true, isWifiConnected=true, isEpdgConnected=false, isEpdgAvailable=false, operatorNumeric=41003, isPsOnlyReg=false, isDataConnected=false], old network event=NetworkEvent [network=0, voiceNetwork=0, voiceOverPs=UNKNOWN, outOfService=true, isDataRoaming=false, isVoiceRoaming=false, csOutOfService=true, isWifiConnected=false, isEpdgConnected=false, isEpdgAvailable=false, operatorNumeric=, isPsOnlyReg=false, isDataConnected=false]
04-09 05:19:27.870  2893  3142 I RegiMgr-NetEvtCtr<0>: out of service.
04-09 05:19:27.870  2893  3142 I TelephonyManagerWrapper<0>: getRilSimOperator: ETC
04-09 05:19:27.870  2893  3142 I SimManager<0>: hasIsim: [false]
04-09 05:19:27.870  2893  3142 E GlobalSettingsRepoBase: globalgcsettings No matched key : use_usim_on_invalid_isim
04-09 05:19:27.870  2448  2448 D CarrierTextController: carrierTextForSimState(7)-(order: 0) : Emergency calls only
04-09 05:19:27.870  2448  2448 D CarrierTextController: carrierTextForSimState(1)-(order: 1) : ZONG
04-09 05:19:27.870  2893  3142 I SimManager<0>: mSimState:LOADED, mIsimLoaded:false, hasIsim():false
04-09 05:19:27.870  2448  2448 D CarrierTextController: setText : Emergency calls only • ZONG
04-09 05:19:27.871  2893  3142 I TelephonyManagerWrapper<0>: getRilSimOperator: ETC
04-09 05:19:27.871  2448  2448 D CarrierTextController: carrierTextForSimState(7)-(order: 0) : Emergency calls only
04-09 05:19:27.871  2448  2448 D CarrierTextController: carrierTextForSimState(1)-(order: 1) : ZONG
04-09 05:19:27.871  2893  3142 I SimManager<0>: hasIsim: [false]
04-09 05:19:27.871  2448  2448 D CarrierTextController: setText : Emergency calls only • ZONG
04-09 05:19:27.871  2893  3142 E GlobalSettingsRepoBase: globalgcsettings No matched key : use_usim_on_invalid_isim
04-09 05:19:27.871  2448  2448 D CarrierTextController: carrierTextForSimState(7)-(order: 0) : Emergency calls only
04-09 05:19:27.871  2448  2448 D CarrierTextController: carrierTextForSimState(1)-(order: 1) : ZONG
04-09 05:19:27.871  2448  2448 D CarrierTextController: setText : Emergency calls only • ZONG
04-09 05:19:27.871  2426  2426 D ServiceStateProvider: subId=7
04-09 05:19:27.871  2448  2448 D FaceWidgetPagesController: onRefreshCarrierInfo()
04-09 05:19:27.871  2893  3142 E GlobalSettingsRepoBase: globalgcsettings No matched key : ss_enable_in_roaming
04-09 05:19:27.871  2893  3142 I RegiMgr-NetEvtCtr<0>: onNetworkEventChanged: tryRegister by phoneID
04-09 05:19:27.871  2893  3142 I RegiMgr<0>: tryRegister:
04-09 05:19:27.871  2448  2448 D FaceWidgetClockRoamManager: isNetworkRoamingState id=7
04-09 05:19:27.871  2448  2448 D FaceWidgetClockRoamManager: isNetworkRoamingState false
04-09 05:19:27.871  2448  2448 D FaceWidgetClockRoamManager: onRefreshCarrierInfo(pre, now): false, false
04-09 05:19:27.871  2448  2448 D FaceWidgetClockPage: onRefreshCarrierInfo : isChanged false mIsRoaming false
04-09 05:19:27.871  2893  3142 I RegiMgr<0>: RegisterTask(s): SamsungCMC_PD (IDLE), Global GC RCS (IDLE)
04-09 05:19:27.871  2893  3142 I RegiMgr<1>: RegisterTask(s): SamsungCMC_PD (IDLE), Zong Pakistan VoLTE (REGISTERED, rat = 13, service = [mmtel-video, smsip, mmtel]), Global GC RCS (IDLE)
04-09 05:19:27.871  2893  3142 I RcsPolicyMgr<0>: pendingRcsRegister: mActiveDataPhoneId = 1
04-09 05:19:27.871  2893  3142 I RegisterTask: isSuspended: mSuspended(false) mSuspendByIrat(false)
04-09 05:19:27.871  2893  3142 I RegiMgr<0>: [SamsungCMC_PD|IDLE] checkForTryRegister id: 10000
04-09 05:19:27.871  2893  3142 I RegiMgr : isPdnConnected: false, PdnType: 0
04-09 05:19:27.872  2893  3142 I PdnController: getDefaultNetworkBearer:  WIFI
04-09 05:19:27.872  1368  3073 I Telecom:SamsungTelecomServiceImpl: isInCall - callingPackage : com.android.systemui / callingUser : UserHandle{0} / hasCrossUserAccess : true
04-09 05:19:27.873  2448  2448 D ShadeCarrierGroup: handleUpdateCarrierInfo [Emergency calls only • ZONG] isLatin=false
04-09 05:19:27.873  2893  3142 I RegiMgr-Utils<0>: findBestNetwork: WIFI needWifiNetwork = true
04-09 05:19:27.873 31434 31434 D CellBroadcastReceiver: onReceive Intent { act=android.intent.action.SERVICE_STATE flg=0x1000010 cmp=com.google.android.cellbroadcastreceiver/com.android.cellbroadcastreceiver.CellBroadcastReceiver (has extras) }
04-09 05:19:27.873  2893  3142 I RegiGvnBase<0>: isReadyToDualRegister: slot 1's call state: 0
04-09 05:19:27.873  2893  3142 I RegiGvnBase<0>: isReadyToDualRegister : true
04-09 05:19:27.874 31434 31434 D CellBroadcastReceiver: onServiceStateChanged, ss: 1
04-09 05:19:27.874 31434 31434 D CellBroadcastReceiver: networkOperator: 41003
04-09 05:19:27.874 31434 31434 D CellBroadcastReceiver: roamingNetworks: [XXX]
04-09 05:19:27.875  2893  3142 I RegiMgr<0>: [SamsungCMC_PD|IDLE] checkInitialRegistrationIsReady: APM ON [false], Roamimg [false]
04-09 05:19:27.875  2893  3142 I RcsPolicyMgr<0>: pendingRcsRegister: mActiveDataPhoneId = 1
04-09 05:19:27.875  2893  3142 I ImsProfile: isRttSupportByCallApp : false ttyType : 1
04-09 05:19:27.875  2893  3142 I RegiMgr-Utils<0>: getPriorityRegiedTask : isPriority  High? true
04-09 05:19:27.875  1368  2697 D SLocation: CellLocationManager - onCellLocationChanged 7 / 0
04-09 05:19:27.875 31434 31434 D CellBroadcastReceiver: update supported roaming operator as 
04-09 05:19:27.876  2893  3142 I CmcAccountManager: hasSecondaryDevice : no SD with current PD
04-09 05:19:27.876  2893  3142 I RegiMgr<0>: [SamsungCMC_PD|IDLE] checkForTryRegister: isReadyToRegister = false
04-09 05:19:27.876  2893  3142 I RcsPolicyMgr<0>: pendingRcsRegister: mActiveDataPhoneId = 1
04-09 05:19:27.876  2893  3142 I RegisterTask: isSuspended: mSuspended(false) mSuspendByIrat(false)
04-09 05:19:27.876  2893  3142 I RegiMgr<0>: [Global GC RCS|IDLE] checkForTryRegister id: 1173
04-09 05:19:27.876  2893  3142 I RegiMgr : isPdnConnected: false, PdnType: 0
04-09 05:19:27.876  2893  3142 I PdnController: getDefaultNetworkBearer:  WIFI
04-09 05:19:27.877  2893  3142 I RegiMgr-Utils<0>: findBestNetwork: WIFI needWifiNetwork = true
04-09 05:19:27.877  2893  3142 I RegiGvnBase<0>: isReadyToDualRegister: slot 1's call state: 0
04-09 05:19:27.877  2893  3142 I RegiGvnBase<0>: isReadyToDualRegister : true
04-09 05:19:27.878  2426  2426 D DataNetwork: getCallStateForSlot 0
04-09 05:19:27.879  2893  3142 I RegiMgr<0>: [Global GC RCS|IDLE] checkInitialRegistrationIsReady: APM ON [false], Roamimg [false]
04-09 05:19:27.879  2893  3142 I RcsPolicyMgr<0>: pendingRcsRegister: mActiveDataPhoneId = 1
04-09 05:19:27.879  2893  3142 I ImsProfile: isRttSupportByCallApp : false ttyType : 1
04-09 05:19:27.879  2893  3142 I RegiMgr-Utils<0>: getPriorityRegiedTask : isPriority  High? true
04-09 05:19:27.879  2893  3142 I RegiGvnBase: checkRegiStatus: getState()=IDLE mIsUpdateRegistering=false
04-09 05:19:27.879  2893  3142 I RegiMgr<0>: getTelephonyCallStatus:
04-09 05:19:27.880  2893  3142 I ConfigProvider: query uri:xxxxx
04-09 05:19:27.882  1368  2234 D ConnectivityService: notifyType CALLBACK_CAP_CHANGED for [536 CELLULAR]
04-09 05:19:27.883  2448  2448 W View    : requestLayout() improperly called by android.widget.FrameLayout{fb82b5b V.E...... ......ID 0,146-1080,2361 #7f0a0846 app:id/qs_frame} during layout: running second layout pass
04-09 05:19:27.884  2448  2448 D MultiSIMController: onReceive() - action = android.intent.action.SERVICE_STATE
04-09 05:19:27.885  7976  8579 I HBD     : g onCapabilitiesChanged network : 536 current network state : wifi 
04-09 05:19:27.886  2893  3142 I ConfigProvider: queryStorage path content://com.samsung.rcs.autoconfigurationprovider/parameter/version#simslot0
04-09 05:19:27.887  1368  2234 D ConnectivityService: notifyType CALLBACK_CAP_CHANGED for [535 CELLULAR]
04-09 05:19:27.887  1368  3073 D CompatibilityChangeReporter: Compat change id reported: 181658987; UID 1000; state: ENABLED
04-09 05:19:27.888  2448  2448 D MultiSIMController: MESSAGE_UPDATE_SERVICE_STATE
04-09 05:19:27.888  2893  3142 I RegiGvnRcs: isReadyToRegister: User don't try RCS service yet
04-09 05:19:27.888  2893  3142 I RegiMgr<0>: [Global GC RCS|IDLE] checkForTryRegister: isReadyToRegister = false
04-09 05:19:27.888  2893  3142 I GeolocationCon: handleMessage : what = SERVICE_STATE_CHANGED
04-09 05:19:27.889  2893  3142 I GeolocationCon: matchTimingReqLocation ,match=0, timing=4
04-09 05:19:27.889  2893  3142 I GeolocationCon: profile is null
04-09 05:19:27.889  2893  3189 I PdnController<1>: onCapabilitiesChanged: network 535 networkCapabilities [ Transports: CELLULAR Capabilities: IMS&NOT_METERED&TRUSTED&NOT_VPN&VALIDATED&NOT_ROAMING&FOREGROUND&NOT_CONGESTED&NOT_SUSPENDED&NOT_VCN_MANAGED&MMTEL LinkUpBandwidth>=1959Kbps LinkDnBandwidth>=3400Kbps Specifier: <TelephonyNetworkSpecifier [mSubId = 1]> SubscriptionIds: {1} UnderlyingNetworks: Null]
04-09 05:19:27.889  2893  3142 I GeolocationCon<0>: getLastAccessedNetworkCountryIso: Not accessed yet
04-09 05:19:27.889  2893  3142 I RegiMgr-Handler: handleMessage: EVENT_DO_PENDING_UPDATE_REGISTRATION
04-09 05:19:27.889  2426  2426 I Telephony: TelecomAccountRegistry$TelecomAccountTelephonyCallback: onServiceStateChanged: newState=1, mServiceState=1
04-09 05:19:27.890  2426  2426 I Telephony: TelecomAccountRegistry$AccountEntry: isRttCurrentlySupported -- regular acct,, hasVoiceAvailability: false, isRttSupported: false, alwaysAllowWhileRoaming: false, isRoaming: false, isOnWfc: false
04-09 05:19:27.890  2426  2426 I Telephony: TelecomAccountRegistry$AccountEntry: isRttCurrentlySupported -- regular acct,, hasVoiceAvailability: true, isRttSupported: false, alwaysAllowWhileRoaming: false, isRoaming: false, isOnWfc: false
04-09 05:19:27.890  2426  2426 V PhoneGlobals: handleServiceStateChanged
04-09 05:19:27.890  2426  2426 D NotificationMgr: updateNetworkSelection, Use Samsung codes instead of AOSP codes
04-09 05:19:27.890  2426  2426 V PhoneGlobals: subId=7, mDefaultDataSubId=1, ss roaming=false
04-09 05:19:27.891  2448  2448 D MobileIconViewModel: [mobile] (0/7) connected=false dataConnected=false dataType=DefaultIcon(iconGroup=IconGroup(Unknown)) networkType=LTE simCard=ETC
04-09 05:19:27.892  2448  2448 D MobileIconViewModel: [mobile] (0/7) connected=false dataConnected=false dataType=DefaultIcon(iconGroup=IconGroup(4G)) networkType=LTE simCard=ETC
04-09 05:19:27.893  2448  2448 D StatusBarIconController: ignoring old pipeline callbacks, because the new mobile icons are enabled
04-09 05:19:27.893  2426  2426 D DataNetwork: getCallStateForSlot 0
04-09 05:19:27.897  1368  2295 D SemCellularStateManager: onCellInfoChanged: cellInfoList Number of cell: 1
04-09 05:19:27.897  1368  2295 D SemCellularStateManager: onCellInfoChanged: Registered = true, mCellularCellId = 1065791
04-09 05:19:27.897  2893  2893 I TelephonyCallbackForPdnController<0>: onCellInfoChanged: xxxxx
04-09 05:19:27.897  2893  2893 I ImsCallSessionManager: onCellInfoChanged, phoneId: 0
