04-09 05:19:35.010  2448  2448 D PowerUI : priorPlugType = 2 mPlugType = 2 priorBatteryStatus = 2 mBatteryStatus = 2
04-09 05:19:35.010  2448  2448 W PowerUI : Plug reason
04-09 05:19:35.010  2448  2448 W PowerUI : Skip charging sound - by plug status
04-09 05:19:35.010  2448  2448 I PowerUI : oldMisalign : false, curMisalign : false
04-09 05:19:35.010  1368  1368 D AdaptiveBrightnessLongtermModelBuilder: Received android.intent.action.BATTERY_CHANGED
04-09 05:19:35.011  2448 22027 D SecPowerUI.Notification: dismissing low battery warning: level=100
04-09 05:19:35.011  2448 22027 D SecPowerUI.Notification: updateNotification mWarning=false mPlaySound=false
04-09 05:19:35.011  2448 22027 D SecPowerUI.Notification: SecBatteryStatsSnapshot{batteryLevel=100, currentBatteryMode=0, chargingTime=0, chargingType=11, batteryHealth=2, automaticTestMode=false, isHiccupState=false, optChargingFinishTime=}
04-09 05:19:35.011 15520 15520 I [SCPMV2][SystemMonitorReceiver]: onReceive: android.intent.action.BATTERY_CHANGED
04-09 05:19:35.011  2448  2448 D SecPowerUI.Notification: showChargingNotice oldChargingType : 11 / currentChargingType : 11, oldChargingTime : 0 / mChargingTime : 0
04-09 05:19:35.011  2448  2448 D SecPowerUI.Notification: showChargingNotice There is no change about charging status, so return!
04-09 05:19:35.011  2448 22027 D SecPowerUI.Notification: 1. restoreScreenTimeOut - saved_value : :
04-09 05:19:35.011  2448  2448 D PowerUI : Battery swelling mode - priorBatterySwellingMode = 0 mBatterySwellingMode = 0 mBatteryStatus = 2
04-09 05:19:35.011  2448  2448 I PowerUI : mBatteryMiscEvent = 983040
04-09 05:19:35.011  2448  2448 I PowerUI : checkBatteryProtectionNotification : 2, pb value : 3, plugType : 2, level : 100
04-09 05:19:35.011  2448 22027 E SecPowerUI.Notification: no saved value, so we do nothing !!
04-09 05:19:35.011  2448  2448 D SecPowerUI.Notification: SecBatteryStatsSnapshot{batteryLevel=100, currentBatteryMode=0, chargingTime=0, chargingType=11, batteryHealth=2, automaticTestMode=false, isHiccupState=false, optChargingFinishTime=}
04-09 05:19:35.012  2448  2448 D KeyguardUpdateMonitor: handleBatteryUpdate
04-09 05:19:35.111  2426  2774 D PhoneInterfaceManager: setDataEnabledForReason() Reason=1 Pid=1368 App=system
04-09 05:19:35.112  2426  2774 D PhoneInterfaceManager: setDataEnabledForReason() Reason=1 Pid=1368 App=system
04-09 05:19:35.705   702   702 D io_stats: !@   8,0 r 34200134 819010484 w 8864907 120359752 d 2888055 182849948 f 0 0 iot 15548864 0 th 0 0 0 pt 0 inp 0 0 143894.859
04-09 05:19:35.852  1049 25625 I sensors-hal: handle_sns_std_sensor_event:231, [SSC_LIGHT] P: 46(46),als:249,green:71,ir:0,delta_avg:0,delta_max:186,stdev:1,stdev_per_4sample:3,magig_code or itime:384
04-09 05:19:35.882   711   711 W keymaster_tee: [WRN]begin req PARAMS: A32 B2 P64 
04-09 05:19:35.885   711   711 D keymaster_swd: keymaster_swd [WRN] (km_usage_expire_datetime_valid:223) for purpose 0 we shuldn't check KM_TAG_USAGE_EXPIRE_DATETIME
04-09 05:19:35.885   711   711 D keymaster_swd: keymaster_swd [WRN] (km_add_tag:500) skip: non repetable tag already exists with different value: 2684354
04-09 05:19:35.885   711   711 D keymaster_swd: keymaster_swd [WRN] (swd_run_cb:260) swd_begin() returns 0
04-09 05:19:35.886   708 26034 I keystore2: system/security/keystore2/src/security_level.rs:454 - In create_operation. Success to create IKeystoreOperation. 1000, None
04-09 05:19:35.889   711   711 D keymaster_swd: keymaster_swd [WRN] (swd_run_cb:260) swd_update() returns 0
04-09 05:19:35.891   711   711 D keymaster_swd: keymaster_swd [WRN] (swd_run_cb:260) swd_update() returns 0
04-09 05:19:35.892   711   711 D keymaster_swd: keymaster_swd [WRN] (swd_run_cb:260) swd_update() returns 0
04-09 05:19:35.894   711   711 D keymaster_swd: keymaster_swd [WRN] (swd_run_cb:260) swd_update() returns 0
04-09 05:19:35.896   711   711 D keymaster_swd: keymaster_swd [WRN] (swd_run_cb:260) swd_update() returns 0
04-09 05:19:35.897   711   711 D keymaster_swd: keymaster_swd [WRN] (swd_run_cb:260) swd_update() returns 0
04-09 05:19:35.898   711   711 D keymaster_swd: keymaster_swd [WRN] (swd_run_cb:260) swd_update() returns 0
04-09 05:19:35.900   711   711 D keymaster_swd: keymaster_swd [WRN] (swd_run_cb:260) swd_finish() returns 0
04-09 05:19:36.461  1368  3697 D SemWifiUsabilityStatsMonitor: onWifiUsabilityStats - seqNum 21872, isSameBssidAndFreq true
04-09 05:19:36.473  1049 25643 I sensors-hal: handle_sns_client_event:123, auto_rotation_event_2: mode:255, type:1:0/-2.132,0.266,9.571, ar:0
04-09 05:19:36.810  1049 25625 I sensors-hal: handle_sns_std_sensor_event:231, [SSC_LIGHT] P: 47(47),als:249,green:70,ir:0,delta_avg:0,delta_max:185,stdev:2,stdev_per_4sample:4,magig_code or itime:384
04-09 05:19:37.050   548  4146 I NearbyMediums: Found Fast Ble Advertisements :
04-09 05:19:37.050   548  4146 I NearbyMediums: BleAdvertisement { version=2, socketVersion=2, isFast=true, serviceIdHash=null, data=[ 0x23 0x47 0x5a 0x43 0x51 0x11 0x32 0xcc 0xcb 0x0a 0xb1 0x9d 0xa6 0x3c 0xe0 0x4b 0xe1 0x6d 0x11 0x48 0x3e 0x89 0x5a ], deviceToken=[ 0xde 0x16 ], rxAdvertisement=null } : 2 times.
04-09 05:19:37.050   548  4146 I NearbyMediums: Total 2 fast advertisements from 1 unique advertisers.
04-09 05:19:37.051   548  4146 I NearbyMediums: Current Tracked Scanning Clients are : {NearbyConnections.EnvironmentMonitor, NearbySharing, NearbyConnections.TxAdvertisement}
04-09 05:19:37.705   702   702 D io_stats: !@   8,0 r 34200158 819010620 w 8864916 120359784 d 2888055 182849948 f 0 0 iot 15548896 0 th 0 0 0 pt 0 inp 0 0 143896.860
04-09 05:19:37.706   702   702 D io_stats: !@ Read_top(KB): loop46(876) 140 system_server(1368) 80 com.whatsapp(3976) 64
04-09 05:19:37.706   702   702 D io_stats: !@ Write_top(KB): kworker/u16:3(16443) 2828 .devicesecurity(3828) 724 system_server(1368) 24
04-09 05:19:37.770  1049 25625 I sensors-hal: handle_sns_std_sensor_event:231, [SSC_LIGHT] P: 46(46),als:249,green:71,ir:0,delta_avg:0,delta_max:186,stdev:2,stdev_per_4sample:4,magig_code or itime:384
04-09 05:19:38.730  1049 25625 I sensors-hal: handle_sns_std_sensor_event:231, [SSC_LIGHT] P: 46(46),als:249,green:70,ir:0,delta_avg:0,delta_max:186,stdev:2,stdev_per_4sample:3,magig_code or itime:384
04-09 05:19:38.816  4676  5114 I SDHMS:C : SIOP:: AP:410 BAT:357 USB:0 CHG:405 PA:400 WIFI:400 BLK:0 SUBBAT:0 SKIN:370 SKINF:366 SKINB:370 LRP:370 LRF:366 LRB:370 
04-09 05:19:38.816  4676  5114 I SDHMS:C : MODEMQ:: MMWTHM:270(270) 
04-09 05:19:39.024  1368  2134 D ActivityManager: Received BROADCAST intent 0xa8a5 Key{broadcastIntent pkg=com.whatsapp intent=act=com.whatsapp.alarm.CLIENT_PING_PERIODIC pkg=com.whatsapp flags=0x4000000 u=0} requestCode=0 sent=0 from uid 1000
04-09 05:19:39.030  1368  2134 D ActivityManager: Received BROADCAST intent 0x793e865 Key{broadcastIntent pkg=com.sec.android.sdhms intent=act=com.sec.android.alarm.refresh.battery_stats flags=0x4000000 u=0} requestCode=0 sent=0 from uid 1000
04-09 05:19:39.168  1368  2588 I SemBatteryUsageStatsProvider: makeWakeupReasonListName WhiteList Tag/tableName=Abort: alarmtimer suspending blocked by timerfd_alarmproc
04-09 05:19:39.168  1368  2588 I SemBatteryUsageStatsProvider: makeWakeupReasonListName WhiteList Tag/tableName=Abort: alarmtimer suspending blocked by alarm_handle_timer
04-09 05:19:39.174  4676  5115 I SDHMS:u : Polling event handleUpdatedDeltaLocked will starts.
04-09 05:19:39.175  4676  4879 I SDHMS:BatteryStatsDBProvider: BarTender DB Provider Insert Start
04-09 05:19:39.175  4676  5115 I SDHMS:u : handleUpdatedDeltaLocked : 2026-04-09 05:09:33.74 ~ 2026-04-09 05:19:39.174   reason=POLLING
04-09 05:19:39.175  4676  5115 I SDHMS:u : Polling event handleUpdatedDeltaLocked finished.
04-09 05:19:39.179   923   923 E audit   : type=1400 audit(1775693979.177:279726): avc:  denied  { ioctl } for  pid=4676 comm=5344484D532048616E646C65722054 path="/data/user/0/com.sec.android.sdhms/databases/sec_batterystats" dev="dm-52" ino=4361 ioctlcmd=0xf522 scontext=u:r:system_app:s0 tcontext=u:object_r:system_app_data_file:s0 tclass=file permissive=0 SEPF_SM-A528B_12_0001 audit_filtered
04-09 05:19:39.185   923   923 E audit   : type=1400 audit(1775693979.181:279727): avc:  denied  { ioctl } for  pid=4676 comm=5344484D532048616E646C65722054 path="/data/user/0/com.sec.android.sdhms/databases/sec_batterystats" dev="dm-52" ino=4361 ioctlcmd=0xf522 scontext=u:r:system_app:s0 tcontext=u:object_r:system_app_data_file:s0 tclass=file permissive=0 SEPF_SM-A528B_12_0001 audit_filtered
04-09 05:19:39.229  4676  4879 I SDHMS:BatteryStatsDBProvider: BarTender DB Provider Insert End
04-09 05:19:39.231   923   923 E audit   : type=1400 audit(1775693979.229:279728): avc:  denied  { ioctl } for  pid=4676 comm=5344484D532048616E646C65722054 path="/data/user/0/com.sec.android.sdhms/databases/sec_batterystats_ext" dev="dm-52" ino=7421 ioctlcmd=0xf522 scontext=u:r:system_app:s0 tcontext=u:object_r:system_app_data_file:s0 tclass=file permissive=0 SEPF_SM-A528B_12_0001 audit_filtered
04-09 05:19:39.247  4676  4879 I SDHMS:BatteryStatsDBProvider: BarTender DB Provider Query Start
04-09 05:19:39.248   923   923 E audit   : type=1400 audit(1775693979.245:279729): avc:  denied  { ioctl } for  pid=4676 comm=5344484D532048616E646C65722054 path="/data/user/0/com.sec.android.sdhms/databases/sec_batterystats" dev="dm-52" ino=4361 ioctlcmd=0xf522 scontext=u:r:system_app:s0 tcontext=u:object_r:system_app_data_file:s0 tclass=file permissive=0 SEPF_SM-A528B_12_0001 audit_filtered
04-09 05:19:39.250   923   923 E audit   : type=1400 audit(1775693979.249:279730): avc:  denied  { ioctl } for  pid=4676 comm=5344484D532048616E646C65722054 path="/data/user/0/com.sec.android.sdhms/databases/sec_batterystats" dev="dm-52" ino=4361 ioctlcmd=0xf522 scontext=u:r:system_app:s0 tcontext=u:object_r:system_app_data_file:s0 tclass=file permissive=0 SEPF_SM-A528B_12_0001 audit_filtered
04-09 05:19:39.251  4676  4879 I SDHMS:BatteryStatsDBProvider: BarTender DB Provider Query End
04-09 05:19:39.252  4676  4879 I SDHMS:BarTender:Gatherer:BatteryStats: BarTender addStats To DB (56 ms) ExtDB (17 ms)
04-09 05:19:39.252  4676  4879 I SDHMS:BarTender:Gatherer:BatteryStats:  BatteryStats refreshed (73 ms) analyzed (5 ms)
04-09 05:19:39.370 18133 18133 I wpa_supplicant: Heartbeat 2911
04-09 05:19:39.378  1368  3573 D FreecessController: com.whatsapp(state: Initial -> Freezeable, Reason: JOB_ADD)
04-09 05:19:39.472  1368  3697 D SemWifiUsabilityStatsMonitor: onWifiUsabilityStats - seqNum 21873, isSameBssidAndFreq true
04-09 05:19:39.692  1049 25625 I sensors-hal: handle_sns_std_sensor_event:231, [SSC_LIGHT] P: 46(47),als:250,green:70,ir:0,delta_avg:0,delta_max:185,stdev:1,stdev_per_4sample:4,magig_code or itime:384
04-09 05:19:39.706   702   702 D io_stats: !@   8,0 r 34200220 819011072 w 8865037 120360264 d 2888114 182853636 f 0 0 iot 15549032 0 th 0 0 0 pt 0 inp 0 0 143898.860
04-09 05:19:40.019  2448  2448 D SecPowerUI.Notification: showChargingNotice oldChargingType : 11 / currentChargingType : 11, oldChargingTime : 0 / mChargingTime : 0
04-09 05:19:40.019  2448  2448 D SecPowerUI.Notification: showChargingNotice There is no change about charging status, so return!
04-09 05:19:40.652  1049 25625 I sensors-hal: handle_sns_std_sensor_event:231, [SSC_LIGHT] P: 46(46),als:249,green:70,ir:0,delta_avg:0,delta_max:186,stdev:2,stdev_per_4sample:3,magig_code or itime:384
04-09 05:19:41.283  4676  4676 I SDHMS:LOAD: type: LoadsFreqs, value: 0:32:0:806400:806400:806400:720383:1900800:691200:315:315:315
04-09 05:19:41.610  1049 25625 I sensors-hal: handle_sns_std_sensor_event:231, [SSC_LIGHT] P: 46(46),als:249,green:71,ir:0,delta_avg:0,delta_max:186,stdev:2,stdev_per_4sample:4,magig_code or itime:384
04-09 05:19:41.707   702   702 D io_stats: !@   8,0 r 34200227 819011148 w 8865043 120360288 d 2888114 182853636 f 0 0 iot 15549044 0 th 0 0 0 pt 0 inp 0 0 143900.861
04-09 05:19:41.707   702   702 D io_stats: !@ Read_top(KB): c.android.sdhms(4676) 320 system_server(1368) 104 stagram.android(26172) 76
04-09 05:19:41.707   702   702 D io_stats: !@ Write_top(KB): c.android.sdhms(4676) 188 kworker/u16:3(16443) 24
04-09 05:19:41.943  1368  1762 I ActivityManager: Killing 2967:com.google.android.apps.walletnfcrel/u0a376 (adj 985): cached idle & background restricted
04-09 05:19:41.952  1368  1765 I libprocessgroup: Successfully killed process cgroup uid 10376 pid 2967 in 5ms
04-09 05:19:41.989   969   969 I Zygote  : Process 2967 exited due to signal 9 (Killed)
04-09 05:19:41.996  1368  1713 D DisplayManagerService: Drop pending events for gone uid 10376
04-09 05:19:41.998 25313 25313 D HidDeviceService: handleMessage(): msg.what=8
04-09 05:19:42.090  1368  1838 W PackageManager: Verification with id 20 not found. It may be invalid or overridden by integrity verification
04-09 05:19:42.146  1041 25416 I vendor.qti.bluetooth@1.0-ibs_handler: ProcessIbsCmd: Received IBS_WAKE_IND: 0xFD
04-09 05:19:42.146  1041 25416 D vendor.qti.bluetooth@1.0-ibs_handler: SerialClockVote: vote for UART CLK ON
04-09 05:19:42.147  1041 25416 D vendor.qti.bluetooth@1.0-wake_lock: Acquire wakelock is acquired 
04-09 05:19:42.147  1041 25416 I vendor.qti.bluetooth@1.0-ibs_handler: ProcessIbsCmd: Writing IBS_WAKE_ACK
04-09 05:19:42.155 25313 25420 D BtGatt.GattService: onScanResult to scannerId: 4- eventType=0x10, addressType=1, address=XX:XX:XX:XX:C6:C7, primaryPhy=1, secondaryPhy=0, advertisingSid=0xff, txPower=127, rssi=-78, periodicAdvInt=0x0
04-09 05:19:42.197  1041 25416 I vendor.qti.bluetooth@1.0-ibs_handler: ProcessIbsCmd: Received IBS_SLEEP_IND: 0xFE
04-09 05:19:42.197  1041 25416 D vendor.qti.bluetooth@1.0-ibs_handler: SerialClockVote: vote for UART CLK OFF
04-09 05:19:42.204  2806  3211 I Finsky  : [15759] Stats for Executor: BlockingExecutor ves@88f3deb[Running, pool size = 4, active threads = 0, queued tasks = 0, completed tasks = 23]
04-09 05:19:42.205  2806  3211 I Finsky  : [15759] Stats for Executor: LightweightExecutor ves@89d2748[Running, pool size = 4, active threads = 0, queued tasks = 0, completed tasks = 152]
04-09 05:19:42.304  3034  3234 I Finsky:background: [15772] Stats for Executor: bgExecutor ves@615c28b[Running, pool size = 4, active threads = 0, queued tasks = 0, completed tasks = 23]
04-09 05:19:42.328  2806  3211 I Finsky  : [15759] Stats for Executor: bgExecutor ves@691d9e1[Running, pool size = 4, active threads = 0, queued tasks = 0, completed tasks = 111]
04-09 05:19:42.332  3034  3234 I Finsky:background: [15772] Stats for Executor: LightweightExecutor ves@b0c5f68[Running, pool size = 4, active threads = 0, queued tasks = 0, completed tasks = 20]
04-09 05:19:42.347  1041 25355 D vendor.qti.bluetooth@1.0-wake_lock: Release wakelock is released 
04-09 05:19:42.483  3034  3234 I Finsky:background: [15772] Stats for Executor: BlockingExecutor ves@bc67f81[Running, pool size = 1, active threads = 0, queued tasks = 0, completed tasks = 5]
04-09 05:19:42.487  1368  3697 D SemWifiUsabilityStatsMonitor: onWifiUsabilityStats - seqNum 21874, isSameBssidAndFreq true
04-09 05:19:42.487  1368  2308 I SemWifiLinkQualityMonitor: Link stat: 385 / 78 / 1.00 (9) / 390 / -45.0 || 100.0 : 390.00 / 0.5 : 1.00 / 0.55 : 0.20 / G (G) || 0.11 ms / 72.20 Mbps / N || 0 / N / 0 Y / 0 Y
04-09 05:19:42.569  1049 25625 I sensors-hal: handle_sns_std_sensor_event:231, [SSC_LIGHT] P: 46(47),als:250,green:71,ir:0,delta_avg:0,delta_max:186,stdev:2,stdev_per_4sample:3,magig_code or itime:384
04-09 05:19:42.778   923   923 E audit   : type=1400 audit(1775693982.773:279731): avc:  denied  { ioctl } for  pid=548 comm="lowpool[547]" path="/data/data/com.google.android.gms/databases/ns.db" dev="dm-52" ino=478947 ioctlcmd=0xf522 scontext=u:r:gmscore_app:s0:c512,c768 tcontext=u:object_r:privapp_data_file:s0:c512,c768 tclass=file permissive=0 SEPF_SM-A528B_12_0001 audit_filtered
04-09 05:19:43.530  1049 25625 I sensors-hal: handle_sns_std_sensor_event:231, [SSC_LIGHT] P: 46(46),als:249,green:70,ir:0,delta_avg:0,delta_max:185,stdev:1,stdev_per_4sample:3,magig_code or itime:384
04-09 05:19:43.708   702   702 D io_stats: !@   8,0 r 34200391 819017640 w 8865048 120360304 d 2888114 182853636 f 0 0 iot 15549152 0 th 0 0 0 pt 0 inp 0 0 143902.862
04-09 05:19:43.825  1485  1674 D SemNativeCarrierFeature_vendor: getInstance
04-09 05:19:43.835  2665  2706 I EPDG -- SIM0 IwlanNetworkService: requestNetworkRegistrationInfo for domain 2
04-09 05:19:43.836  1485  1736 D SemNativeCarrierFeature_vendor: getInstance
04-09 05:19:43.836  2665  2793 I EPDG -- SIM0 IwlanNetworkService: Calling onRequestNetworkRegistrationInfoComplete.resultCode = 0, netState = NetworkRegistrationInfo{ domain=PS transportType=WLAN registrationState=UNKNOWN networkRegistrationState=UNKNOWN roamingType=NOT_ROAMING accessNetworkTechnology=IWLAN rejectCause=0 emergencyEnabled=false availableServices=[] cellIdentity=null voiceSpecificInfo=null dataSpecificInfo=null nrState=**** rRplmn= isUsingCarrierAggregation=false}
04-09 05:19:43.838  1485  1736 D SemNativeCarrierFeature_vendor: getInstance
04-09 05:19:43.847  1368  2295 D SemCellularStateManager: onCellInfoChanged: cellInfoList Number of cell: 1
04-09 05:19:43.847  1368  2295 D SemCellularStateManager: onCellInfoChanged: Registered = true, mCellularCellId = 5695
04-09 05:19:43.848  2893  2893 I TelephonyCallbackForPdnController<0>: onCellInfoChanged: xxxxx
04-09 05:19:43.848  2893  2893 I ImsCallSessionManager: onCellInfoChanged, phoneId: 0
04-09 05:19:43.848  2893  3142 I RegiMgr-Handler: handleMessage: EVENT_CELL_INFO_CHANGED
04-09 05:19:43.848  2893  3142 I RegiMgr<0>: tryRegister:
04-09 05:19:43.849  2893  3142 I RegiMgr<0>: RegisterTask(s): SamsungCMC_PD (IDLE), Global GC RCS (IDLE)
04-09 05:19:43.849  2893  3142 I RegiMgr<1>: RegisterTask(s): SamsungCMC_PD (IDLE), Zong Pakistan VoLTE (REGISTERED, rat = 13, service = [mmtel-video, smsip, mmtel]), Global GC RCS (IDLE)
04-09 05:19:43.849  2893  3142 I RcsPolicyMgr<0>: pendingRcsRegister: mActiveDataPhoneId = 1
04-09 05:19:43.849  2893  3142 I RegisterTask: isSuspended: mSuspended(false) mSuspendByIrat(false)
04-09 05:19:43.849  2893  3142 I RegiMgr<0>: [SamsungCMC_PD|IDLE] checkForTryRegister id: 10000
04-09 05:19:43.849  2893  3142 I RegiMgr : isPdnConnected: false, PdnType: 0
04-09 05:19:43.850  2893  3142 I PdnController: getDefaultNetworkBearer:  WIFI
04-09 05:19:43.850  2893  3142 I RegiMgr-Utils<0>: findBestNetwork: WIFI needWifiNetwork = true
04-09 05:19:43.851  2893  3142 I RegiGvnBase<0>: isReadyToDualRegister: slot 1's call state: 0
04-09 05:19:43.851  2893  3142 I RegiGvnBase<0>: isReadyToDualRegister : true
04-09 05:19:43.853  2893  3142 I RegiMgr<0>: [SamsungCMC_PD|IDLE] checkInitialRegistrationIsReady: APM ON [false], Roamimg [false]
04-09 05:19:43.853  2893  3142 I RcsPolicyMgr<0>: pendingRcsRegister: mActiveDataPhoneId = 1
04-09 05:19:43.853  2893  3142 I ImsProfile: isRttSupportByCallApp : false ttyType : 1
04-09 05:19:43.853  2893  3142 I RegiMgr-Utils<0>: getPriorityRegiedTask : isPriority  High? true
04-09 05:19:43.856  2893  3142 I CmcAccountManager: hasSecondaryDevice : no SD with current PD
04-09 05:19:43.856  2893  3142 I RegiMgr<0>: [SamsungCMC_PD|IDLE] checkForTryRegister: isReadyToRegister = false
04-09 05:19:43.856  2893  3142 I RcsPolicyMgr<0>: pendingRcsRegister: mActiveDataPhoneId = 1
04-09 05:19:43.856  2893  3142 I RegisterTask: isSuspended: mSuspended(false) mSuspendByIrat(false)
04-09 05:19:43.856  2893  3142 I RegiMgr<0>: [Global GC RCS|IDLE] checkForTryRegister id: 1173
04-09 05:19:43.857  2893  3142 I RegiMgr : isPdnConnected: false, PdnType: 0
04-09 05:19:43.857  2893  3142 I PdnController: getDefaultNetworkBearer:  WIFI
04-09 05:19:43.858  2893  3142 I RegiMgr-Utils<0>: findBestNetwork: WIFI needWifiNetwork = true
04-09 05:19:43.858  2893  3142 I RegiGvnBase<0>: isReadyToDualRegister: slot 1's call state: 0
04-09 05:19:43.858  2893  3142 I RegiGvnBase<0>: isReadyToDualRegister : true
04-09 05:19:43.860  2893  3142 I RegiMgr<0>: [Global GC RCS|IDLE] checkInitialRegistrationIsReady: APM ON [false], Roamimg [false]
04-09 05:19:43.860  2893  3142 I RcsPolicyMgr<0>: pendingRcsRegister: mActiveDataPhoneId = 1
04-09 05:19:43.860  2893  3142 I ImsProfile: isRttSupportByCallApp : false ttyType : 1
04-09 05:19:43.860  2893  3142 I RegiMgr-Utils<0>: getPriorityRegiedTask : isPriority  High? true
04-09 05:19:43.861  2893  3142 I RegiGvnBase: checkRegiStatus: getState()=IDLE mIsUpdateRegistering=false
04-09 05:19:43.861  2893  3142 I RegiMgr<0>: getTelephonyCallStatus:
04-09 05:19:43.862  2893  3142 I ConfigProvider: query uri:xxxxx
04-09 05:19:43.862  1368  1368 D SemWifiService: onServiceStateChanged : state - 1, dataNetworkType : 0
04-09 05:19:43.863  1368  2588 I LocationAccessPolicy: com.android.systemui is aware of fine but the app-ops permission is specifically denied.
04-09 05:19:43.863  1368  2588 I LocationAccessPolicy: checkLocationPermission - callingUid: 10046, callingPid: 2448, resultForFine: DENIED_SOFT
04-09 05:19:43.863  1368  2588 I LocationAccessPolicy: com.android.systemui is aware of coarse but the app-ops permission is specifically denied.
04-09 05:19:43.863  1368  2588 I LocationAccessPolicy: checkLocationPermission - callingUid: 10046, callingPid: 2448, resultForCoarse: DENIED_SOFT
04-09 05:19:43.864  1368  2588 I LocationAccessPolicy: com.android.systemui is aware of fine but the app-ops permission is specifically denied.
04-09 05:19:43.864  1368  2588 I LocationAccessPolicy: checkLocationPermission - callingUid: 10046, callingPid: 2448, resultForFine: DENIED_SOFT
04-09 05:19:43.864  1368  2588 I LocationAccessPolicy: com.android.systemui is aware of coarse but the app-ops permission is specifically denied.
04-09 05:19:43.864  1368  2588 I LocationAccessPolicy: checkLocationPermission - callingUid: 10046, callingPid: 2448, resultForCoarse: DENIED_SOFT
04-09 05:19:43.865  1368  2588 I LocationAccessPolicy: com.android.systemui is aware of fine but the app-ops permission is specifically denied.
04-09 05:19:43.865  1368  2588 I LocationAccessPolicy: checkLocationPermission - callingUid: 10046, callingPid: 2448, resultForFine: DENIED_SOFT
04-09 05:19:43.865  1368  1368 D SemWifiApServiceImpl: onServiceStateChanged : 1dataNetworkType : 0
04-09 05:19:43.865  1368  1368 W NSLocationMonitor: onServiceStateChanged, state=1 / channel=2147483647
04-09 05:19:43.865  1368  1368 I NSLocationMonitor: networkType[0]=UNKNOWN / nrState=false
04-09 05:19:43.866  1368  2588 I LocationAccessPolicy: com.android.systemui is aware of coarse but the app-ops permission is specifically denied.
04-09 05:19:43.866  1368  1368 W NSLocationMonitor: onServiceStateChanged, state=1 / channel=2147483647
04-09 05:19:43.866  1368  1368 I NSLocationMonitor: networkType[0]=UNKNOWN / nrState=false
04-09 05:19:43.866  1368  2588 I LocationAccessPolicy: checkLocationPermission - callingUid: 10046, callingPid: 2448, resultForCoarse: DENIED_SOFT
04-09 05:19:43.866  3464  3583 W NetworkManager_FLP: updateServiceStateChanged, serviceState=1 / isRegistered=true / channel=2147483647 / networkTypeName=UNKNOWN / nr=false
04-09 05:19:43.867  2893  3142 I ConfigProvider: queryStorage path content://com.samsung.rcs.autoconfigurationprovider/parameter/version#simslot0
04-09 05:19:43.867  3464  3583 W NetworkManager_FLP: updateServiceStateChanged, serviceState=1 / isRegistered=true / channel=2147483647 / networkTypeName=UNKNOWN / nr=false
04-09 05:19:43.867  2665  6860 I EPDG -- SIM0 [NetController]: WWAN Voice Regi: 1 Roaming: 0
04-09 05:19:43.867  2665  6860 I EPDG -- SIM0 [NetController]: WWAN Data Regi: 1 Rat: 0 Roaming: false
04-09 05:19:43.867  1368  2295 W SemWifiBackOff.Fcc: service state is STATE_OUT_OF_SERVICE telephony country iso: pk
04-09 05:19:43.867  2893  2893 I TelephonyCallbackForPdnController<0>: onServiceStateChanged: state={mVoiceRegState=1(OUT_OF_SERVICE), mDataRegState=1(OUT_OF_SERVICE), mChannelNumber=2147483647, duplexMode()=0, mCellBandwidths=[], mOperatorAlphaLong=, mOperatorAlphaShort=, isManualNetworkSelection=false(automatic), getRilVoiceRadioTechnology=16(GSM), getRilDataRadioTechnology=0(Unknown), mCssIndicator=unsupported, mNetworkId=*1, mSystemId=*1, mCdmaRoamingIndicator=-1, mCdmaDefaultRoamingIndicator=-1, VoiceRegType=0, Snap=0, PsOnly=false, FemtocellInd=0, SprDisplayRoam=false, OptRadioTech=0, MsimSubmode=0, IsVoiceCallAvailable=false, mIsEmergencyOnly=true, isUsingCarrierAggregation=false, mArfcnRsrpBoost=0, mNetworkRegistrationInfos=[NetworkRegistrationInfo{ domain=PS transportType=WLAN registrationState=UNKNOWN networkRegistrationState=UNKNOWN roamingType=NOT_ROAMING accessNetworkTechnology=IWLAN rejectCause=0 emergencyEnabled=false availableServices=[] cellIdentity=null voiceSpecificInfo=null dataSpecificInfo=null nrState=**** rRplmn= isUsingCarrierAggregation=false}, NetworkRegistrationInfo{ domain=CS transportType=WWAN registrationState=NOT_REG_SEARCHING networkRegistrationState=NOT_REG_SEARCHING roamingType=NOT_ROAMING accessNetworkTechnology=GSM rejectCause=0 emergencyEnabled=true availableServices=[EMERGENCY] cellIdentity=CellIdentityGsm:{ mLac=**6 mCid=5**5 mArfcn=2147483647 mBsic=0x7fffffff mMcc=410 mMnc=04 mAlphaLong=Zong mAlphaShort=Zong mAdditionalPlmns={}} voiceSpecificInfo=VoiceSpecificRegistrationInfo { mCssSupported=false mRoamingIndicator=0 mSystemIsInPrl=0 mDefaultRoamingIndicator=0} dataSpecificInfo=null nrState=**** rRplmn=41004 isUsingCarrierAggregation=false}, NetworkRegistrationInfo{ domain=PS transportType=WWAN registrationState=DENIED networkRegistrationState=DENIED roamingType=NOT_ROAMING accessNetworkTechnology=UNKNOWN rejectCause=0 emergencyEnabled=false availableServices=[] cellIdentity=null voiceSpecificInfo=null dataSpecificInfo=android.telephony.DataSpecificRegistrationInfo :{ maxDataCalls = 16 isDcNrRestricted = false isNrAvailable = false isEnDcAvailable = false mLteAttachResultType = 0 mLteAttachExtraInfo = 0 LteVopsSupportInfo :  mVopsSupport = 1 mEmcBearerSupport = 1 } nrState=**** rRplmn= isUsingCarrierAggregation=false}], mNrFrequencyRange=0, mOperatorAlphaLongRaw=, mOperatorAlphaShortRaw=, mIsDataRoamingFromRegistration=false, mIsIwlanPreferred=false}Changed=
04-09 05:19:43.867  2893  2893 I PdnController<0>: notifyDataConnectionState
04-09 05:19:43.867  2665  6860 I EPDG -- SIM0 [NetController]: onNetworkStatusChanged: disable Epdg
04-09 05:19:43.867  2893  2893 I PdnController<0>: notifyDataConnectionState: needNotify=false networkType=0 isEpdgConnected=false dataNetType=0=>0 dataRegState=1=>1
04-09 05:19:43.867  2893  2893 I TelephonyCallbackForPdnController<0>: notifySnapshotState: snapshotState=0 old=0
04-09 05:19:43.867  2893  3216 I VolteServiceModule: onServiceStateChanged({mVoiceRegState=1(OUT_OF_SERVICE), mDataRegState=1(OUT_OF_SERVICE), mChannelNumber=2147483647, duplexMode()=0, mCellBandwidths=[], mOperatorAlphaLong=, mOperatorAlphaShort=, isManualNetworkSelection=false(automatic), getRilVoiceRadioTechnology=16(GSM), getRilDataRadioTechnology=0(Unknown), mCssIndicator=unsupported, mNetworkId=*1, mSystemId=*1, mCdmaRoamingIndicator=-1, mCdmaDefaultRoamingIndicator=-1, VoiceRegType=0, Snap=0, PsOnly=false, FemtocellInd=0, SprDisplayRoam=false, OptRadioTech=0, MsimSubmode=0, IsVoiceCallAvailable=false, mIsEmergencyOnly=true, isUsingCarrierAggregation=false, mArfcnRsrpBoost=0, mNetworkRegistrationInfos=[NetworkRegistrationInfo{ domain=PS transportType=WLAN registrationState=UNKNOWN networkRegistrationState=UNKNOWN roamingType=NOT_ROAMING accessNetworkTechnology=IWLAN rejectCause=0 emergencyEnabled=false availableServices=[] cellIdentity=null voiceSpecificInfo=null dataSpecificInfo=null nrState=**** rRplmn= isUsingCarrierAggregation=false}, NetworkRegistrationInfo{ domain=CS transportType=WWAN registrationState=NOT_REG_SEARCHING networkRegistrationState=NOT_REG_SEARCHING roamingType=NOT_ROAMING accessNetworkTechnology=GSM rejectCause=0 emergencyEnabled=true availableServices=[EMERGENCY] cellIdentity=CellIdentityGsm:{ mLac=**6 mCid=5**5 mArfcn=2147483647 mBsic=0x7fffffff mMcc=410 mMnc=04 mAlphaLong=Zong mAlphaShort=Zong mAdditionalPlmns={}} voiceSpecificInfo=VoiceSpecificRegistrationInfo { mCssSupported=false mRoamingIndicator=0 mSystemIsInPrl=0 mDefaultRoamingIndicator=0} dataSpecificInfo=null nrState=**** rRplmn=41004 isUsingCarrierAggregation=false}, NetworkRegistrationInfo{ domain=PS transportType=WWAN registrationState=DENIED networkRegistrationState=DENIED roamingType=NOT_ROAMING accessNetworkTechnology=UNKNOWN rejectCause=0 emergencyEnabled=false availableServices=[] cellIdentity=null voiceSpecificInfo=null dataSpecificInfo=android.telephony.DataSpecificRegistrationInfo :{ maxDataCalls = 16 isDcNrRestricted = false isNrAvailable = false isEnDcAvailable = false mLteAttachResultType = 0 mLteAttachExtraInfo = 0 LteVopsSupportInfo :  mVopsSupport = 1 mEmcBearerSupport = 1 } nrState=**** rRplmn= isUsingCarrierAggregation=false}], mNrFrequencyRange=0, mOperatorAlphaLongRaw=, mOperatorAlphaShortRaw=, mIsDataRoamingFromRegistration=false, mIsIwlanPreferred=false})
04-09 05:19:43.867  2893  3216 I VolteServiceModule: mIsLteEpsOnlyAttached(0):false
04-09 05:19:43.868  1368  2697 D SLocation: CellLocationManager - onServiceStateChanged 1
04-09 05:19:43.869  2893  3142 I RegiGvnRcs: isReadyToRegister: User don't try RCS service yet
04-09 05:19:43.869  2893  3142 I RegiMgr<0>: [Global GC RCS|IDLE] checkForTryRegister: isReadyToRegister = false
04-09 05:19:43.869  2893  3142 I GeolocationCon: handleMessage : what = SERVICE_STATE_CHANGED
04-09 05:19:43.869  2893  3142 I GeolocationCon: matchTimingReqLocation ,match=0, timing=4
04-09 05:19:43.869  2893  3142 I GeolocationCon: profile is null
04-09 05:19:43.869  2893  3142 I GeolocationCon<0>: getLastAccessedNetworkCountryIso: Not accessed yet
04-09 05:19:43.869  1368  2588 I LocationAccessPolicy: checkLocationPermission - callingUid: 10070, callingPid: 24810, resultForFine: DENIED_HARD
04-09 05:19:43.869  1368  2588 I LocationAccessPolicy: checkLocationPermission - callingUid: 10070, callingPid: 24810, resultForCoarse: DENIED_HARD
04-09 05:19:43.870  1368  2588 I LocationAccessPolicy: checkLocationPermission - callingUid: 10152, callingPid: 24401, resultForFine: DENIED_HARD
04-09 05:19:43.870  1368  2588 I LocationAccessPolicy: checkLocationPermission - callingUid: 10152, callingPid: 24401, resultForCoarse: DENIED_HARD
04-09 05:19:43.870  1368  2295 V SemWifiBackOff.5G: checkAndSetup nrFrequencyRange=0 / prevNrFrequencyRange=0
04-09 05:19:43.870  1368  2588 I LocationAccessPolicy: checkLocationPermission - callingUid: 9510152, callingPid: 24395, resultForFine: DENIED_HARD
04-09 05:19:43.870  1368  2295 V SemWifiBackOff.5G: restore back off mode, current: [NONE]
04-09 05:19:43.870  1368  2588 I LocationAccessPolicy: checkLocationPermission - callingUid: 9510152, callingPid: 24395, resultForCoarse: DENIED_HARD
04-09 05:19:43.870  1368  2588 W ContextImpl: Calling a method in the system process without a qualified user: android.app.ContextImpl.sendBroadcastMultiplePermissions:1331 android.content.Context.sendBroadcastMultiplePermissions:2480 com.android.server.TelephonyRegistry.broadcastServiceStateChanged:3657 com.android.server.TelephonyRegistry.notifyServiceStateForPhoneId:1753 com.android.internal.telephony.ITelephonyRegistry$Stub.onTransact:542 
04-09 05:19:43.872  1368  2588 W ContextImpl: Calling a method in the system process without a qualified user: android.app.ContextImpl.sendBroadcastMultiplePermissions:1364 com.android.server.TelephonyRegistry.broadcastServiceStateChanged:3662 com.android.server.TelephonyRegistry.notifyServiceStateForPhoneId:1753 com.android.internal.telephony.ITelephonyRegistry$Stub.onTransact:542 android.os.Binder.execTransactInternal:1380 
04-09 05:19:43.873  1368  2588 W ContextImpl: Calling a method in the system process without a qualified user: android.app.ContextImpl.sendBroadcastMultiplePermissions:1364 com.android.server.TelephonyRegistry.broadcastServiceStateChanged:3671 com.android.server.TelephonyRegistry.notifyServiceStateForPhoneId:1753 com.android.internal.telephony.ITelephonyRegistry$Stub.onTransact:542 android.os.Binder.execTransactInternal:1380 
04-09 05:19:43.874  1368  1368 D SemWifiService: received: android.intent.action.SERVICE_STATE
04-09 05:19:43.875  1368  2588 W ContextImpl: Calling a method in the system process without a qualified user: android.app.ContextImpl.sendBroadcastMultiplePermissions:1364 com.android.server.TelephonyRegistry.broadcastServiceStateChanged:3677 com.android.server.TelephonyRegistry.notifyServiceStateForPhoneId:1753 com.android.internal.telephony.ITelephonyRegistry$Stub.onTransact:542 android.os.Binder.execTransactInternal:1380 
04-09 05:19:43.877  2448  2448 D MultiSIMController: onReceive() - action = android.intent.action.SERVICE_STATE
04-09 05:19:43.877  2448  2448 D CarrierTextController: carrierTextForSimState(7)-(order: 0) : Emergency calls only
04-09 05:19:43.878  2448  2448 D CarrierTextController: carrierTextForSimState(1)-(order: 1) : ZONG
04-09 05:19:43.878  2448  2448 D CarrierTextController: setText : Emergency calls only • ZONG
04-09 05:19:43.878  2448  2448 D CarrierTextController: carrierTextForSimState(7)-(order: 0) : Emergency calls only
04-09 05:19:43.878  2448  2448 D CarrierTextController: carrierTextForSimState(1)-(order: 1) : ZONG
04-09 05:19:43.878  2448  2448 D CarrierTextController: setText : Emergency calls only • ZONG
04-09 05:19:43.878  2448  2448 D CarrierTextController: carrierTextForSimState(7)-(order: 0) : Emergency calls only
04-09 05:19:43.878  2448  2448 D CarrierTextController: carrierTextForSimState(1)-(order: 1) : ZONG
04-09 05:19:43.878  2448  2448 D CarrierTextController: setText : Emergency calls only • ZONG
04-09 05:19:43.878  2448  2448 D FaceWidgetPagesController: onRefreshCarrierInfo()
04-09 05:19:43.878  2426  2426 D ServiceStateProvider: subId=7
04-09 05:19:43.878  2448  2448 D FaceWidgetClockRoamManager: isNetworkRoamingState id=7
04-09 05:19:43.878  2448  2448 D FaceWidgetClockRoamManager: isNetworkRoamingState false
04-09 05:19:43.878  2448  2448 D FaceWidgetClockRoamManager: onRefreshCarrierInfo(pre, now): false, false
04-09 05:19:43.879  2448  2448 D FaceWidgetClockPage: onRefreshCarrierInfo : isChanged false mIsRoaming false
04-09 05:19:43.879  1368  2653 I Telecom:SamsungTelecomServiceImpl: isInCall - callingPackage : com.android.systemui / callingUser : UserHandle{0} / hasCrossUserAccess : true
04-09 05:19:43.879 31434 31434 D CellBroadcastReceiver: onReceive Intent { act=android.intent.action.SERVICE_STATE flg=0x1000010 cmp=com.google.android.cellbroadcastreceiver/com.android.cellbroadcastreceiver.CellBroadcastReceiver (has extras) }
04-09 05:19:43.880  2448  2448 D MultiSIMController: MESSAGE_UPDATE_SERVICE_STATE
04-09 05:19:43.880  1368  2697 D SLocation: CellLocationManager - onCellLocationChanged 7 / 0
04-09 05:19:43.880 31434 31434 D CellBroadcastReceiver: onServiceStateChanged, ss: 1
04-09 05:19:43.880 31434 31434 D CellBroadcastReceiver: networkOperator: 41004
04-09 05:19:43.881 31434 31434 D CellBroadcastReceiver: update supported roaming operator as 
04-09 05:19:43.883  2426  2426 I Telephony: TelecomAccountRegistry$TelecomAccountTelephonyCallback: onServiceStateChanged: newState=1, mServiceState=1
04-09 05:19:43.884  2448  2448 D ShadeCarrierGroup: handleUpdateCarrierInfo [Emergency calls only • ZONG] isLatin=false
04-09 05:19:43.884  2426  2426 I Telephony: TelecomAccountRegistry$AccountEntry: isRttCurrentlySupported -- regular acct,, hasVoiceAvailability: false, isRttSupported: false, alwaysAllowWhileRoaming: false, isRoaming: false, isOnWfc: false
04-09 05:19:43.885  2426  2426 I Telephony: TelecomAccountRegistry$AccountEntry: isRttCurrentlySupported -- regular acct,, hasVoiceAvailability: true, isRttSupported: false, alwaysAllowWhileRoaming: false, isRoaming: false, isOnWfc: false
04-09 05:19:43.885  2426  2426 V PhoneGlobals: handleServiceStateChanged
04-09 05:19:43.885  2426  2426 D NotificationMgr: updateNetworkSelection, Use Samsung codes instead of AOSP codes
04-09 05:19:43.885  2426  2426 V PhoneGlobals: subId=7, mDefaultDataSubId=1, ss roaming=false
04-09 05:19:43.891  2448  2448 W View    : requestLayout() improperly called by android.widget.FrameLayout{fb82b5b V.E...... ......ID 0,146-1080,2361 #7f0a0846 app:id/qs_frame} during layout: running second layout pass
04-09 05:19:44.380  1368  3573 D FreecessController: com.whatsapp(state: Freezeable -> Frozen, Reason: JOB_ADD)
04-09 05:19:44.381  1368  3573 D FreecessController: FZ : com.whatsapp(3976)
04-09 05:19:44.383  1368  3573 D FreecessController: FZ : com.whatsapp(0), reason: Bg
04-09 05:19:44.386  1368  3573 I PowerManagerService: [PWL] SetWakeLockEnableDisable uid = 10410 , disable= true
04-09 05:19:44.386  1368  3573 I PowerManagerService: [PWL] can not change uid =  10410
04-09 05:19:44.387  1368  3573 W LocationManagerService: onFreezeStateChanged, uid[10410]=true
04-09 05:19:44.492  1049 25625 I sensors-hal: handle_sns_std_sensor_event:231, [SSC_LIGHT] P: 46(46),als:249,green:71,ir:0,delta_avg:0,delta_max:184,stdev:2,stdev_per_4sample:3,magig_code or itime:384
04-09 05:19:45.060  1047  1047 I android.hardware.health@2.1-service-samsung: updateLrpSysfs: write: 370
04-09 05:19:45.062  1368  1760 D BatteryService: Sending ACTION_BATTERY_CHANGED: level:100, status:2, health:2, remain:0, ac:false, usb:true, wireless:false, pogo:false, misc:0xf0000, charge_type:1, charger_type:1, voltage:4185, temperature:358, online:19, charging_status:0, cycle_count:0, current_avg:734, ps:false, hvc:true, capacity:280000, current_event:0x8000, current_now:617, mcc:0, mcv:0, cc:4500000, present:true, scale:100, technology:Li-ion
04-09 05:19:45.073  1368  2346 I DeviceBatteryInfoService: action: android.intent.action.BATTERY_CHANGED
04-09 05:19:45.073  1368  2346 I DeviceBatteryInfoService: phone battery level: 100
04-09 05:19:45.073  1368  2346 I DeviceBatteryInfoService: phone battery status: 2
04-09 05:19:45.075  2448  2448 I AODBatteryManager: updateBatteryData: ACTION_BATTERY_CHANGED
04-09 05:19:45.075  2448  2448 I AODBatteryManager: saveBatteryData : AOD BatteryData [mBatteryLevel=100, mBatteryStatus=CHARGING, mBatteryPlugType=USB, mBatteryPlugged=true, mRemainingChargeTime=0, mBatteryChargingType=2, mBatteryChargerType=FAST, mBatteryOnline=NOT_DEFINED, mBatterySwellingMode=NONE, mBatteryProtectMode=false, mBatteryProtectModeType=2, mSleepChargingEvent=null, mSleepChargingEventFinishTime=null]
04-09 05:19:45.076  2448  2448 D SamsungBatteryMeterDrawable: onBatteryLevelChanged isSomethingChanged: false
04-09 05:19:45.076  2448  2448 D SamsungBatteryMeterDrawable: onBatteryLevelChanged isSomethingChanged: false
04-09 05:19:45.076  2448  2448 D SamsungBatteryMeterDrawable: onBatteryLevelChanged isSomethingChanged: false
04-09 05:19:45.076  2448  2448 I PowerUI : mBootCompleted = true |  mFullyConnected = true
04-09 05:19:45.076  2448  2448 I PowerUI : BATTERY_HEALTH_CHECK extraHealth=2 mBatteryMiscEvent=983040
04-09 05:19:45.076  2448  2448 W PowerUI : Plug reason
04-09 05:19:45.076  2448  2448 W PowerUI : Skip charging animation - by plug status
04-09 05:19:45.076  2448  2448 D PowerUI : priorPlugType = 2 mPlugType = 2 priorBatteryStatus = 2 mBatteryStatus = 2
04-09 05:19:45.076  2448  2448 W PowerUI : Plug reason
04-09 05:19:45.076  2448  2448 W PowerUI : Skip charging sound - by plug status
04-09 05:19:45.076  2448  2448 I PowerUI : oldMisalign : false, curMisalign : false
04-09 05:19:45.076  2448 22139 D SecPowerUI.Notification: dismissing low battery warning: level=100
04-09 05:19:45.077  2448 22139 D SecPowerUI.Notification: updateNotification mWarning=false mPlaySound=false
04-09 05:19:45.077  2448 22139 D SecPowerUI.Notification: SecBatteryStatsSnapshot{batteryLevel=100, currentBatteryMode=0, chargingTime=0, chargingType=11, batteryHealth=2, automaticTestMode=false, isHiccupState=false, optChargingFinishTime=}
04-09 05:19:45.077  2426  2426 D SemBigDataInfoController: Intent: android.intent.action.BATTERY_CHANGED
04-09 05:19:45.077  2426  2426 D SemBigDataInfoController: Intent: android.intent.action.BATTERY_CHANGED
04-09 05:19:45.077  2448 22139 D SecPowerUI.Notification: 1. restoreScreenTimeOut - saved_value : :
04-09 05:19:45.077  2448 22139 E SecPowerUI.Notification: no saved value, so we do nothing !!
04-09 05:19:45.077  2448  2448 D SecPowerUI.Notification: showChargingNotice oldChargingType : 11 / currentChargingType : 11, oldChargingTime : 0 / mChargingTime : 0
04-09 05:19:45.077  2448  2448 D SecPowerUI.Notification: showChargingNotice There is no change about charging status, so return!
04-09 05:19:45.077  2448  2448 D PowerUI : Battery swelling mode - priorBatterySwellingMode = 0 mBatterySwellingMode = 0 mBatteryStatus = 2
04-09 05:19:45.077  2448  2448 I PowerUI : mBatteryMiscEvent = 983040
04-09 05:19:45.077  2448  2448 I PowerUI : checkBatteryProtectionNotification : 2, pb value : 3, plugType : 2, level : 100
04-09 05:19:45.077  2448  2448 D SecPowerUI.Notification: SecBatteryStatsSnapshot{batteryLevel=100, currentBatteryMode=0, chargingTime=0, chargingType=11, batteryHealth=2, automaticTestMode=false, isHiccupState=false, optChargingFinishTime=}
04-09 05:19:45.078  1368  2190 D MotionRecognitionService: [SAR]  onReceive : ACTION_BATTERY_CHANGED, Plugged: 2
04-09 05:19:45.078  2448  2448 D KeyguardUpdateMonitor: handleBatteryUpdate
04-09 05:19:45.079 15520 15520 I [SCPMV2][SystemMonitorReceiver]: onReceive: android.intent.action.BATTERY_CHANGED
04-09 05:19:45.079  1368  1368 D AdaptiveBrightnessLongtermModelBuilder: Received android.intent.action.BATTERY_CHANGED
04-09 05:19:45.451  1049 25625 I sensors-hal: handle_sns_std_sensor_event:231, [SSC_LIGHT] P: 45(46),als:249,green:71,ir:0,delta_avg:0,delta_max:185,stdev:1,stdev_per_4sample:3,magig_code or itime:384
04-09 05:19:45.504  1368  3697 D SemWifiUsabilityStatsMonitor: onWifiUsabilityStats - seqNum 21875, isSameBssidAndFreq true
04-09 05:19:45.708   702   702 D io_stats: !@   8,0 r 34200395 819017684 w 8865068 120364012 d 2888115 182853640 f 0 0 iot 15549272 0 th 0 0 0 pt 0 inp 0 0 143904.862
04-09 05:19:45.708   702   702 D io_stats: !@ Read_top(KB): stagram.android(26172) 6472 android.hardwar(1047) 16 android.vending(2806) 8
04-09 05:19:45.709   702   702 D io_stats: !@ Write_top(KB): kworker/u16:12(15987) 3676 .gms.persistent(548) 12 jbd2/sda9-8(691) 4
04-09 05:19:45.901   708  4157 I keystore2: system/security/keystore2/src/watchdog.rs:319 - Watchdog thread idle -> terminating. Have a great day.
